2025-11-10 15:01:15.075150-0600 0x18a1b4   Activity    0x62c777             648    0    runningboardd: (RunningBoard) acquireAssertionWithDescriptor
2025-11-10 15:01:15.075203-0600 0x18a1b4   Default     0x62c777             648    7    runningboardd: (RunningBoard) [com.apple.runningboard:ttl] Acquiring assertion targeting [app<application.com.apple.Terminal.1152921500311913409.1152921500311913414(501)>:62446] from originator [osservice<com.apple.coreservices.launchservicesd>:611] with description <RBSAssertionDescriptor| "notification:62446" ID:648-611-336788 target:62446 attributes:[
	<RBSDomainAttribute| domain:"com.apple.launchservicesd" name:"LSNotification" sourceEnvironment:"(null)">
	]>
2025-11-10 15:01:15.075241-0600 0x18a1b4   Default     0x62c777             648    7    runningboardd: (RunningBoard) [com.apple.runningboard:ttl] Assertion 648-611-336788 (target:[app<application.com.apple.Terminal.1152921500311913409.1152921500311913414(501)>:62446]) will be created as active
2025-11-10 15:01:15.075284-0600 0x18a1b4   Activity    0x62c778             648    0    runningboardd: (RunningBoard) state update
2025-11-10 15:01:15.075295-0600 0x18a1b8   Default     0x62c774             648    0    runningboardd: (RunningBoard) [com.apple.runningboard:connection] Inheritance changeset: <RBSInheritanceChangeSet| gained:{(
    <RBSInheritance| environment:(none) name:com.apple.launchservices.userfacing origID:648-611-336787 0>,
    <RBSInheritance| environment:(none) name:com.apple.launchservices.userfacing origID:648-611-336787 0>
)} lost:{(
)}>
2025-11-10 15:01:15.075344-0600 0x105f     Default     0x0                  642    0    WindowServer: (FuseBoardServices) [com.apple.FuseBoard:SkyBridge] Process now frontmost: <private>
2025-11-10 15:01:15.075378-0600 0x189c6c   Default     0x62c777             648    0    runningboardd: (RunningBoard) [com.apple.runningboard:process] [app<application.com.apple.Terminal.1152921500311913409.1152921500311913414(501)>:62446] Ignoring jetsam update because this process is not memory-managed
2025-11-10 15:01:15.075396-0600 0x189c6c   Default     0x62c777             648    0    runningboardd: (RunningBoard) [com.apple.runningboard:process] [app<application.com.apple.Terminal.1152921500311913409.1152921500311913414(501)>:62446] Ignoring suspend because this process is not lifecycle managed
2025-11-10 15:01:15.075408-0600 0x189c6c   Default     0x62c777             648    0    runningboardd: (RunningBoard) [com.apple.runningboard:process] [app<application.com.apple.Terminal.1152921500311913409.1152921500311913414(501)>:62446] Ignoring GPU update because this process is not GPU managed
2025-11-10 15:01:15.075419-0600 0x189c6c   Default     0x62c777             648    0    runningboardd: (RunningBoard) [com.apple.runningboard:process] [app<application.com.apple.Terminal.1152921500311913409.1152921500311913414(501)>:62446] Ignoring memory limit update because this process is not memory-managed
2025-11-10 15:01:15.075475-0600 0x18a1b4   Default     0x62c777             648    0    runningboardd: (RunningBoard) [com.apple.runningboard:monitor] Calculated state for app<application.com.apple.Terminal.1152921500311913409.1152921500311913414(501)>: running-active (role: UserInteractiveFocal) (endowments: <private>)
2025-11-10 15:01:15.075486-0600 0x189c6c   Activity    0x62c779             648    0    runningboardd: (RunningBoard) acquireAssertionWithDescriptor
2025-11-10 15:01:15.075542-0600 0x189c6c   Default     0x62c779             648    7    runningboardd: (RunningBoard) [com.apple.runningboard:ttl] Acquiring assertion targeting [app<application.com.apple.Terminal.1152921500311913409.1152921500311913414(501)>:62446] from originator [osservice<com.apple.WindowServer(88)>:642] with description <RBSAssertionDescriptor| "FUSBFrontmostProcess" ID:648-642-336789 target:62446 attributes:[
	<RBSDomainAttribute| domain:"com.apple.fuseboard" name:"Frontmost" sourceEnvironment:"(null)">,
	<RBSAcquisitionCompletionAttribute| policy:AfterApplication>
	]>
2025-11-10 15:01:15.075542-0600 0x18a308   Activity    0x62c6b5             607    0    contextstored: (CoreDuetContext) CoreDuet: ContextStore setObject:forContextualKeyPath:
2025-11-10 15:01:15.075583-0600 0x189c6c   Default     0x62c779             648    7    runningboardd: (RunningBoard) [com.apple.runningboard:ttl] Assertion 648-642-336789 (target:[app<application.com.apple.Terminal.1152921500311913409.1152921500311913414(501)>:62446]) will be created as active
2025-11-10 15:01:15.075609-0600 0x18a246   Activity    0x62c6b6             607    0    contextstored: (CoreDuetContext) CoreDuet: ContextStore Callback
2025-11-10 15:01:15.075632-0600 0x189c6c   Activity    0x62c77a             648    0    runningboardd: (RunningBoard) state update
2025-11-10 15:01:15.075649-0600 0x18a246   Default     0x0                  607    0    contextstored: (CoreDuetContext) [com.apple.coreduet:context] Sending fired registration <private> to com.apple.dasd.trigger
2025-11-10 15:01:15.075737-0600 0x18a117   Activity    0x62c6d1             1020   0    trustd: (Security) SecKeyVerifySignature
2025-11-10 15:01:15.075762-0600 0x18a1b7   Default     0x62c779             648    0    runningboardd: (RunningBoard) [com.apple.runningboard:process] [app<application.com.apple.Terminal.1152921500311913409.1152921500311913414(501)>:62446] Ignoring jetsam update because this process is not memory-managed
2025-11-10 15:01:15.075782-0600 0x18a1b7   Default     0x62c779             648    0    runningboardd: (RunningBoard) [com.apple.runningboard:process] [app<application.com.apple.Terminal.1152921500311913409.1152921500311913414(501)>:62446] Ignoring suspend because this process is not lifecycle managed
2025-11-10 15:01:15.075792-0600 0x18a1b7   Default     0x62c779             648    0    runningboardd: (RunningBoard) [com.apple.runningboard:process] [app<application.com.apple.Terminal.1152921500311913409.1152921500311913414(501)>:62446] Ignoring GPU update because this process is not GPU managed
2025-11-10 15:01:15.075827-0600 0x189fea   Activity    0x62c76f             620    0    dasd: (CoreDuetContext) CoreDuet: ClientContext handleContextualChange:info:handler:
2025-11-10 15:01:15.075811-0600 0x18a1b7   Default     0x62c779             648    0    runningboardd: (RunningBoard) [com.apple.runningboard:process] [app<application.com.apple.Terminal.1152921500311913409.1152921500311913414(501)>:62446] Ignoring memory limit update because this process is not memory-managed
2025-11-10 15:01:15.075900-0600 0x18a246   Activity    0x62c6b7             607    0    contextstored: (CoreDuetContext) CoreDuet: ContextStore Callback
2025-11-10 15:01:15.075842-0600 0x189fea   Default     0x0                  620    0    dasd: (CoreDuetContext) [com.apple.coreduet:context] Registration fired for <private>
2025-11-10 15:01:15.075914-0600 0x18a1b8   Default     0x62c779             648    0    runningboardd: (RunningBoard) [com.apple.runningboard:monitor] Calculated state for app<application.com.apple.Terminal.1152921500311913409.1152921500311913414(501)>: running-active (role: UserInteractiveFocal) (endowments: <private>)
2025-11-10 15:01:15.075915-0600 0x18a246   Default     0x0                  607    0    contextstored: (CoreDuetContext) [com.apple.coreduet:context] Sending fired registration <private> to com.apple.dasd.trigger
2025-11-10 15:01:15.076002-0600 0x18a117   Activity    0x62c6d2             1020   0    trustd: (Security) SecKeyVerifySignature
2025-11-10 15:01:15.075851-0600 0x189fea   Default     0x0                  620    0    dasd: (CoreDuetContext) [com.apple.coreduet:context] Dispatching call to informative registration callback for <private>
2025-11-10 15:01:15.076081-0600 0x18a117   Activity    0x62c6d3             1020   0    trustd: (Security) SecKeyVerifySignature
2025-11-10 15:01:15.075891-0600 0x18a12c   Activity    0x62c7b0             620    0    dasd: (CoreDuetContext) CoreDuet: ClientContext objectForContextualKeyPath:
2025-11-10 15:01:15.076019-0600 0x189fea   Activity    0x62c7b1             620    0    dasd: (CoreDuetContext) CoreDuet: ClientContext handleContextualChange:info:handler:
2025-11-10 15:01:15.076053-0600 0x18a12c   Default     0x0                  620    8    dasd: [com.apple.duetactivityscheduler:default] Trigger: <private> is now [com.apple.Terminal]
2025-11-10 15:01:15.076074-0600 0x189fea   Default     0x0                  620    0    dasd: (CoreDuetContext) [com.apple.coreduet:context] Registration fired for <private>
2025-11-10 15:01:15.076098-0600 0x189fea   Default     0x0                  620    0    dasd: (CoreDuetContext) [com.apple.coreduet:context] Dispatching call to informative registration callback for <private>
2025-11-10 15:01:15.076128-0600 0x189fea   Activity    0x62c7b2             620    0    dasd: (CoreDuetContext) CoreDuet: ClientContext objectForContextualKeyPath:
2025-11-10 15:01:15.076145-0600 0x18a1b1   Activity    0x62c51a             62446  0    Terminal: (RunningBoardServices) didChangeInheritances
2025-11-10 15:01:15.076184-0600 0x189e3c   Activity    0x62c6ca             1074   0    ContextStoreAgent: (CoreDuetContext) CoreDuet: ClientContext setObject:forContextualKeyPath:
2025-11-10 15:01:15.076829-0600 0x189e3c   Activity    0x62c6cb             1074   0    ContextStoreAgent: (BiomeStreams) BMStoreSource.sendEvent
2025-11-10 15:01:15.076961-0600 0x189e3c   Activity    0x62c6cc             1074   0    ContextStoreAgent: (BiomeStreams) BMStoreSource.sendEvent
2025-11-10 15:01:15.076429-0600 0x18a1c9   Activity    0x62c52f             1265   0    gamepolicyd: (RunningBoardServices) observedProcessStatesDidChange
2025-11-10 15:01:15.076493-0600 0x18a1c9   Default     0x62c52f             1265   0    gamepolicyd: (RunningBoardServices) [com.apple.runningboard:monitor] Received state update for 62446 (app<application.com.apple.Terminal.1152921500311913409.1152921500311913414(501)>, running-active-NotVisible
2025-11-10 15:01:15.076434-0600 0x18a246   Activity    0x62c6b8             607    0    contextstored: (CoreDuetContext) CoreDuet: ContextStore setObject:forContextualKeyPath:
2025-11-10 15:01:15.078153-0600 0x105f     Error       0x0                  642    7    WindowServer: (SkyLight) [com.apple.SkyLight:default] _CGXPackagesSetWindowConstraints: Invalid window
2025-11-10 15:01:15.076674-0600 0x189fea   Default     0x0                  620    8    dasd: [com.apple.duetactivityscheduler:default] Trigger: <private> is now [com.apple.Terminal]
2025-11-10 15:01:15.077819-0600 0x18a24e   Default     0x62c6cb             1001   3    BiomeAgent: (BiomeStorage) [com.apple.Biome:BiomeStorage] Enumerator for App.InFocus starting from <private>/<private>+0x76f90
2025-11-10 15:01:15.078815-0600 0x18a24e   Default     0x62c6cb             1001   3    BiomeAgent: (BiomeStorage) [com.apple.Biome:BiomeStorage] Enumerator for App.InFocus starting from <private>/<private>+0x76f90
2025-11-10 15:01:15.076617-0600 0x188c12   Default     0x0                  62102  0    Stats: (WebKit) [com.apple.WebKit:ProcessSwapping] 0x11f0480e0 - [PID=0] WebProcessCache::setApplicationIsActive: (isActive=0)
2025-11-10 15:01:15.076640-0600 0x188c12   Default     0x0                  62102  0    Stats: (WebKit) [com.apple.WebKit:ProcessSwapping] 0x11f048150 - [PID=0] WebProcessCache::setApplicationIsActive: (isActive=0)
2025-11-10 15:01:15.076651-0600 0x188c12   Default     0x0                  62102  0    Stats: (WebKit) [com.apple.WebKit:ProcessSwapping] 0x11f0481c0 - [PID=0] WebProcessCache::setApplicationIsActive: (isActive=0)
2025-11-10 15:01:15.077240-0600 0x188c12   Default     0x0                  62102  0    Stats: (MediaToolbox) [com.apple.coremedia:] <<<< Alt >>>> fpSupport_GetVideoRangeForCoreDisplayWithPreference: displayID 1 reported potentialHeadRoom=2 wideColorSupported=YES marz=NO almd=NO deviceAllowsHDR=YES isBuiltinPanel=YES externalPanel=YES prefersHDR10=NO
2025-11-10 15:01:15.077498-0600 0x188c12   Default     0x0                  62102  0    Stats: (MediaToolbox) [com.apple.coremedia:] <<<< Alt >>>> fpSupport_GetVideoRangeForCoreDisplayWithPreference: displayID 1 reported potentialHeadRoom=2 wideColorSupported=YES marz=NO almd=NO deviceAllowsHDR=YES isBuiltinPanel=YES externalPanel=YES prefersHDR10=NO
2025-11-10 15:01:15.077700-0600 0x188c12   Default     0x0                  62102  0    Stats: (MediaToolbox) [com.apple.coremedia:] <<<< Alt >>>> fpSupport_GetVideoRangeForCoreDisplayWithPreference: displayID 1 reported potentialHeadRoom=2 wideColorSupported=YES marz=NO almd=NO deviceAllowsHDR=YES isBuiltinPanel=YES externalPanel=YES prefersHDR10=NO
2025-11-10 15:01:15.080418-0600 0x18a24e   Default     0x62c6cb             1001   3    BiomeAgent: (BiomeStorage) [com.apple.Biome:BiomeStorage] Enumerator for App.InFocus starting from <private>/<private>+0x76f90
2025-11-10 15:01:15.079688-0600 0x18a6e2   Activity    0x62c6cd             1074   0    ContextStoreAgent: (BiomeStreams) BMStoreSource.sendEvent
2025-11-10 15:01:15.079746-0600 0x18a6e2   Activity    0x62c6ce             1074   0    ContextStoreAgent: (CoreDuetContext) CoreDuet: ClientContext setObject:forContextualKeyPath:
2025-11-10 15:01:15.081159-0600 0x18a1b7   Default     0x62c774             648    0    runningboardd: (RunningBoard) [com.apple.runningboard:connection] Inheritance changeset: <RBSInheritanceChangeSet| gained:{(
    <RBSInheritance| environment:(none) name:com.apple.frontboard.visibility origID:648-642-336789 0>
)} lost:{(
)}>
2025-11-10 15:01:15.081424-0600 0x189ec7   Activity    0x62c6b9             607    0    contextstored: (CoreDuetContext) CoreDuet: ContextStore setObject:forContextualKeyPath:
2025-11-10 15:01:15.081532-0600 0x18a247   Default     0x62c6cb             1001   0    BiomeAgent: (IntelligencePlatformCore) [com.apple.intelligenceplatform:orchestration] SourceUpdater: <private> triggered 68 to run on the live schedule
2025-11-10 15:01:15.081561-0600 0x18a1d7   Activity    0x62c51b             62446  0    Terminal: (RunningBoardServices) didChangeInheritances
2025-11-10 15:01:15.081711-0600 0x18a6e6   Activity    0x62c544             1463   0    Spotlight: (BiomeFoundation) _BMXPCFileManager.temporaryFileHandleWithProtection:error:
2025-11-10 15:01:15.081847-0600 0x18a321   Activity    0x62c679             1238   0    duetexpertd: (BiomeFoundation) _BMXPCFileManager.temporaryFileHandleWithProtection:error:
2025-11-10 15:01:15.082486-0600 0x2729     Activity    0x62c4e6             1302   0    PAH_Extension: (InputMethodKit) Activate Server
2025-11-10 15:01:15.082529-0600 0x2729     Activity    0x62c4e7             1302   0    PAH_Extension: (InputMethodKit) Get bundle identifier
2025-11-10 15:01:15.082647-0600 0x18a24e   Default     0x62c6cb             1001   3    BiomeAgent: (BiomeStorage) [com.apple.Biome:BiomeStorage] Enumerator for App.InFocus starting from <private>/<private>+0x76f90
2025-11-10 15:01:15.082887-0600 0x18a321   Activity    0x62c67a             1238   0    duetexpertd: (BiomeFoundation) _BMXPCFileManager.replaceFileAtPath:withFileHandle:error:
2025-11-10 15:01:15.083379-0600 0x18a6e6   Activity    0x62c545             1463   0    Spotlight: (BiomeFoundation) _BMXPCFileManager.replaceFileAtPath:withFileHandle:error:
2025-11-10 15:01:15.082753-0600 0x18a1d7   Default     0x0                  62446  0    Terminal: (libxpc.dylib) [com.apple.xpc:connection] [0x724774a00] activating connection: mach=false listener=false peer=false name=com.apple.TextInputUI.xpc.CursorUIViewService
2025-11-10 15:01:15.083265-0600 0x18a1b1   Default     0x0                  62446  0    Terminal: (libxpc.dylib) [com.apple.xpc:connection] [0x724774a00] invalidated after the last release of the connection object
2025-11-10 15:01:15.083136-0600 0x18a6e1   Default     0x0                  1286   0    CursorUIViewService: (libxpc.dylib) [com.apple.xpc:connection] [0x9a2ca1080] activating connection: mach=false listener=false peer=true name=com.apple.TextInputUI.xpc.CursorUIViewService.peer[62446].0x9a2ca1080
2025-11-10 15:01:15.083208-0600 0x18a6e1   Default     0x0                  1286   0    CursorUIViewService: (libxpc.dylib) [com.apple.xpc:connection] [0x9a3068a00] Connection returned listener port: 0x6a03
2025-11-10 15:01:15.083322-0600 0x18a6e1   Default     0x0                  1286   0    CursorUIViewService: (libxpc.dylib) [com.apple.xpc:connection] [0x9a2ca1080] invalidated because the client process (pid 62446) either cancelled the connection or exited
2025-11-10 15:01:15.083541-0600 0x1892aa   Default     0x0                  62446  0    Terminal: (libxpc.dylib) [com.apple.xpc:connection] [0x7247752c0] activating connection: mach=false listener=false peer=false name=(anonymous)
2025-11-10 15:01:15.083576-0600 0x1892aa   Default     0x0                  62446  0    Terminal: (libxpc.dylib) [com.apple.xpc:connection] [0x724774a00] activating connection: mach=false listener=false peer=false name=(anonymous)
2025-11-10 15:01:15.083767-0600 0x18a6e2   Activity    0x62c6cf             1074   0    ContextStoreAgent: (BiomeStreams) BMStoreSource.sendEvent
2025-11-10 15:01:15.084319-0600 0x18a466   Default     0x0                  1149   0    ViewBridgeAuxiliary: (libxpc.dylib) [com.apple.xpc:connection] [0x7db1a3c00] activating connection: mach=false listener=false peer=true name=com.apple.xpc.anonymous.0x7db404640.peer[62446].0x7db1a3c00
2025-11-10 15:01:15.084505-0600 0x18a256   Activity    0x62c6e3             1539   0    proactived: (BiomeFoundation) _BMXPCFileManager.temporaryFileHandleWithProtection:error:
2025-11-10 15:01:15.084847-0600 0x18a1dc   Default     0x0                  1286   0    CursorUIViewService: (libxpc.dylib) [com.apple.xpc:connection] [0x9a2ca1080] activating connection: mach=false listener=false peer=true name=com.apple.xpc.anonymous.0x9a3068a00.peer[62446].0x9a2ca1080
2025-11-10 15:01:15.084885-0600 0x18a24e   Default     0x62c6cb             1001   3    BiomeAgent: (BiomeStorage) [com.apple.Biome:BiomeStorage] Enumerator for App.InFocus starting from <private>/<private>+0x76f90
2025-11-10 15:01:15.085101-0600 0x18a246   Activity    0x62c6ba             607    0    contextstored: (CoreDuetContext) CoreDuet: ContextStore Callback
2025-11-10 15:01:15.085170-0600 0x2696     Default     0x0                  1286   0    CursorUIViewService: [com.apple.TextInputUI:ViewService] -[TUICursorUIViewService loadView]
2025-11-10 15:01:15.085314-0600 0x18a246   Default     0x0                  607    0    contextstored: (CoreDuetContext) [com.apple.coreduet:context] Sending fired registration <private> to com.apple.dasd.trigger
2025-11-10 15:01:15.085559-0600 0x18a12c   Activity    0x62c7b3             620    0    dasd: (CoreDuetContext) CoreDuet: ClientContext handleContextualChange:info:handler:
2025-11-10 15:01:15.085541-0600 0x18a400   Default     0x62c6cb             1539   0    proactived: (ProactiveContextClient) [com.apple.duetexpertd.atx:modes] ATXModeAppLaunchFeaturizer: Already cooling down and still not in state
2025-11-10 15:01:15.085624-0600 0x18a400   Default     0x62c6cb             1539   0    proactived: (ProactiveContextClient) [com.apple.duetexpertd.atx:modes] ATXModeAppLaunchFeaturizer: Already cooling down and still not in state
2025-11-10 15:01:15.085573-0600 0x18a12c   Default     0x0                  620    0    dasd: (CoreDuetContext) [com.apple.coreduet:context] Registration fired for <private>
2025-11-10 15:01:15.085694-0600 0x18a256   Activity    0x62c6e4             1539   0    proactived: (BiomeFoundation) _BMXPCFileManager.replaceFileAtPath:withFileHandle:error:
2025-11-10 15:01:15.085583-0600 0x18a12c   Default     0x0                  620    0    dasd: (CoreDuetContext) [com.apple.coreduet:context] Dispatching call to informative registration callback for <private>
2025-11-10 15:01:15.085728-0600 0x18a400   Activity    0x62c6e5             1539   0    proactived: (BiomeFoundation) _BMXPCFileManager.temporaryFileHandleWithProtection:error:
2025-11-10 15:01:15.085615-0600 0x18a12c   Activity    0x62c7b4             620    0    dasd: (CoreDuetContext) CoreDuet: ClientContext objectForContextualKeyPath:
2025-11-10 15:01:15.085837-0600 0x18a12c   Default     0x0                  620    8    dasd: [com.apple.duetactivityscheduler:default] Trigger: <private> is now [<private>]
2025-11-10 15:01:15.085881-0600 0x18a24e   Default     0x62c6cb             1001   3    BiomeAgent: (BiomeStorage) [com.apple.Biome:BiomeStorage] Enumerator for App.InFocus starting from <private>/<private>+0x76f90
2025-11-10 15:01:15.086493-0600 0x18a400   Activity    0x62c6e6             1539   0    proactived: (BiomeFoundation) _BMXPCFileManager.replaceFileAtPath:withFileHandle:error:
2025-11-10 15:01:15.086642-0600 0x18a256   Activity    0x62c6e7             1539   0    proactived: (BiomeFoundation) _BMXPCFileManager.temporaryFileHandleWithProtection:error:
2025-11-10 15:01:15.086746-0600 0x18a700   Default     0x62c6cc             1001   0    BiomeAgent: (IntelligencePlatformCore) [com.apple.intelligenceplatform:orchestration] SourceUpdater: Dropping notification for <private> - no action needed
2025-11-10 15:01:15.086939-0600 0x18a24e   Default     0x62c6cc             1001   3    BiomeAgent: (BiomeStorage) [com.apple.Biome:BiomeStorage] Enumerator for App.InFocus starting from <private>/<private>+0x76f70
2025-11-10 15:01:15.087181-0600 0x18a256   Activity    0x62c6e8             1539   0    proactived: (BiomeFoundation) _BMXPCFileManager.replaceFileAtPath:withFileHandle:error:
2025-11-10 15:01:15.087477-0600 0x18a6e2   Activity    0x62c7d0             1074   0    ContextStoreAgent: (CoreDuet) CoreDuet: saveObjects sync
2025-11-10 15:01:15.087442-0600 0x18964d   Default     0x0                  674    0    symptomsd: (SymptomEvaluator) [com.apple.symptomsd:bbh] TCP metrics iteration:81 since 162.10 secs: allflows=29/C=1/R=0/W=1/flows=21/unacked=0/rxbytes=359348/txbytes=201162/rxooo=1668/rxdup=5305/retx=50534
2025-11-10 15:01:15.087668-0600 0x18a24e   Default     0x62c6cc             1001   3    BiomeAgent: (BiomeStorage) [com.apple.Biome:BiomeStorage] Enumerator for App.InFocus starting from <private>/<private>+0x76f70
2025-11-10 15:01:15.087757-0600 0x18a1dd   Default     0x62c6cb             1001   0    BiomeAgent: (IntelligencePlatformCore) [com.apple.intelligenceplatform:orchestration] ViewUpdate: Beginning update job for live [runMode: update, checkSLA: true]
2025-11-10 15:01:15.087842-0600 0x18964d   Default     0x0                  674    0    symptomsd: (SymptomEvaluator) [com.apple.symptomsd:bbh] TCP progress metrics score: 20, problem ratio: 0.07 (baseline: 0.02)
2025-11-10 15:01:15.087876-0600 0x18a1dd   Default     0x62c6cb             1001   0    BiomeAgent: (IntelligencePlatformCore) [com.apple.intelligenceplatform:views] ViewUpdate: Starting schedule run <private>
2025-11-10 15:01:15.087987-0600 0x18a1dd   Default     0x62c6cb             1001   0    BiomeAgent: (IntelligencePlatformCore) [com.apple.intelligenceplatform:views] ViewUpdate: Initially have 1 views that may need updating
2025-11-10 15:01:15.088316-0600 0x18a1ca   Default     0x62c6cb             1119   0    corespotlightd: (SpotlightServices) [com.apple.SpotlightServices:General] <private>: processing event for bundle <private>.
2025-11-10 15:01:15.088404-0600 0x18a6e2   Activity    0x62c7d1             1074   0    ContextStoreAgent: (BiomeStreams) BMStoreSource.sendEvent
2025-11-10 15:01:15.088420-0600 0x18a24e   Default     0x62c6cc             1001   3    BiomeAgent: (BiomeStorage) [com.apple.Biome:BiomeStorage] Enumerator for App.InFocus starting from <private>/<private>+0x76f70
2025-11-10 15:01:15.088821-0600 0x18a6e2   Activity    0x62c7d2             1074   0    ContextStoreAgent: (CoreDuet) CoreDuet: saveObjects sync
2025-11-10 15:01:15.089127-0600 0x18a24e   Default     0x62c6cc             1001   3    BiomeAgent: (BiomeStorage) [com.apple.Biome:BiomeStorage] Enumerator for App.InFocus starting from <private>/<private>+0x76f70
2025-11-10 15:01:15.089311-0600 0x18a6e2   Error       0x0                  1074   0    ContextStoreAgent: (CoreDuet) Simulating crash. Reason: <private>
2025-11-10 15:01:15.089393-0600 0x18a6e2   Error       0x0                  1074   0    ContextStoreAgent: (CoreDuet) Simulating crash. Reason: <private>
2025-11-10 15:01:15.089770-0600 0x18a24e   Default     0x62c6cc             1001   3    BiomeAgent: (BiomeStorage) [com.apple.Biome:BiomeStorage] Enumerator for App.InFocus starting from <private>/<private>+0x76f70
2025-11-10 15:01:15.089858-0600 0x2696     Default     0x0                  1286   0    CursorUIViewService: [com.apple.TextInputUI:ViewService] -[TUICursorUIViewService setTextCursorIsActive:]: YES
2025-11-10 15:01:15.089884-0600 0x2696     Default     0x0                  1286   0    CursorUIViewService: [com.apple.TextInputUI:ViewService] -[TUINSTextInputMenuController activateInputModeSwitcher]
2025-11-10 15:01:15.089985-0600 0x18a246   Activity    0x62c6bb             607    0    contextstored: (CoreDuetContext) CoreDuet: ContextStore Callback
2025-11-10 15:01:15.090028-0600 0x18a246   Default     0x0                  607    0    contextstored: (CoreDuetContext) [com.apple.coreduet:context] Sending fired registration <private> to com.apple.duetexpertd.cdidentifier
2025-11-10 15:01:15.090398-0600 0x18a1dd   Default     0x62c6cb             1001   0    BiomeAgent: (IntelligencePlatformCore) [com.apple.intelligenceplatform:orchestration] ViewUpdate: 68:AppsRecentlyFocused: Beginning view update attempt
2025-11-10 15:01:15.090412-0600 0x18a24e   Default     0x62c6cc             1001   3    BiomeAgent: (BiomeStorage) [com.apple.Biome:BiomeStorage] Enumerator for App.InFocus starting from <private>/<private>+0x76f70
2025-11-10 15:01:15.091261-0600 0x18a321   Activity    0x62c67b             1238   0    duetexpertd: (CoreDuetContext) CoreDuet: ClientContext handleContextualChange:info:handler:
2025-11-10 15:01:15.091288-0600 0x18a321   Default     0x0                  1238   0    duetexpertd: (CoreDuetContext) [com.apple.coreduet:context] Registration fired for <private>
2025-11-10 15:01:15.091306-0600 0x18a321   Default     0x0                  1238   0    duetexpertd: (CoreDuetContext) [com.apple.coreduet:context] Dispatching call to informative registration callback for <private>
2025-11-10 15:01:15.091371-0600 0x18a321   Activity    0x62c67c             1238   0    duetexpertd: (CoreDuetContext) CoreDuet: ClientContext objectForContextualKeyPath:
2025-11-10 15:01:15.092322-0600 0x26d0     Default     0x0                  1290   0    TextInputSwitcher: (TextInputMenuUI) <private>
2025-11-10 15:01:15.092335-0600 0x2696     Default     0x0                  1286   0    CursorUIViewService: (libxpc.dylib) [com.apple.xpc:connection] [0x9a306b480] activating connection: mach=false listener=false peer=false name=(anonymous)
2025-11-10 15:01:15.092387-0600 0x26d0     Default     0x0                  1290   0    TextInputSwitcher: (TextInputMenuUI) <private>
2025-11-10 15:01:15.092650-0600 0x257b     Default     0x0                  1259   0    Finder: (TextInputUIMacHelper) [com.apple.TextInputUI:CursorUI] -[TUINSCursorUIController hideTextInputMenuHUD:] {
}
2025-11-10 15:01:15.093006-0600 0x18a466   Default     0x0                  1149   0    ViewBridgeAuxiliary: (libxpc.dylib) [com.apple.xpc:connection] [0x7db1a0600] activating connection: mach=false listener=false peer=true name=com.apple.xpc.anonymous.0x7db404500.peer[1286].0x7db1a0600
2025-11-10 15:01:15.093387-0600 0x18a246   Activity    0x62c6bc             607    0    contextstored: (CoreDuetContext) CoreDuet: ContextStore Callback
2025-11-10 15:01:15.093451-0600 0x18a246   Default     0x0                  607    0    contextstored: (CoreDuetContext) [com.apple.coreduet:context] Sending fired registration <private> to com.apple.proactive.PersonalizationPortrait
2025-11-10 15:01:15.093848-0600 0x18a1dd   Default     0x62c6cb             1001   3    BiomeAgent: (BiomeStorage) [com.apple.Biome:BiomeStorage] Enumerator for App.InFocus starting from <private>/<private>+0x76f90
2025-11-10 15:01:15.094212-0600 0x18a259   Default     0x62c6cb             896    0    mds_stores: (SpotlightIndex) [com.apple.spotlightindex:SDB] [Engagement Data] Inserted Out-of-Spotlight engagement date: 784501275.073897 into position 7 of _kMDItemRecentOutOfSpotlightEngagementDates for oid: 1152921500311913409
2025-11-10 15:01:15.094401-0600 0x18a053   Activity    0x62c2d7             1126   0    suggestd: (CoreDuetContext) CoreDuet: ClientContext handleContextualChange:info:handler:
2025-11-10 15:01:15.094465-0600 0x18a053   Default     0x0                  1126   0    suggestd: (CoreDuetContext) [com.apple.coreduet:context] Registration fired for <private>
2025-11-10 15:01:15.094521-0600 0x18a053   Default     0x0                  1126   0    suggestd: (CoreDuetContext) [com.apple.coreduet:context] Dispatching call to informative registration callback for <private>
2025-11-10 15:01:15.094616-0600 0x18a053   Activity    0x62c2d8             1126   0    suggestd: (CoreDuetContext) CoreDuet: ClientContext objectForContextualKeyPath:
2025-11-10 15:01:15.095942-0600 0x18a1dd   Default     0x62c6cb             1001   0    BiomeAgent: (IntelligencePlatformCompute) [com.apple.intelligenceplatform.IntelligencePlatformCompute:default] GDCComputeService: updateViewWithName called: <private>
2025-11-10 15:01:15.096061-0600 0x18a1dd   Default     0x62c6cb             1001   0    BiomeAgent: (IntelligencePlatformCompute) [com.apple.intelligenceplatform.IntelligencePlatformCompute:default] GDCComputeService: updateViewWithName: request: <private> <private>
2025-11-10 15:01:15.096135-0600 0x18a1dd   Default     0x62c6cb             1001   0    BiomeAgent: (IntelligencePlatformCompute) [com.apple.intelligenceplatform.IntelligencePlatformCompute:default] GDCComputeService: updateViewWithName: request: <private> <private>
2025-11-10 15:01:15.096196-0600 0x18a1dd   Default     0x62c6cb             1001   0    BiomeAgent: (IntelligencePlatformCompute) [com.apple.intelligenceplatform.IntelligencePlatformCompute:default] GDCComputeService: updateViewWithName: request: <private> <private>
2025-11-10 15:01:15.097829-0600 0x1892aa   Default     0x0                  62446  0    Terminal: (TextInputUIMacHelper) [com.apple.TextInputUI:CursorUI] -[TUINSCursorUIController activate:]_block_invoke: Create CursorUIViewService: TUINSRemoteViewController
2025-11-10 15:01:15.098018-0600 0x1892aa   Default     0x0                  62446  0    Terminal: (libxpc.dylib) [com.apple.xpc:connection] [0x724775cc0] invalidated because the current process cancelled the connection by calling xpc_connection_cancel()
2025-11-10 15:01:15.098027-0600 0x1892aa   Default     0x0                  62446  0    Terminal: (libxpc.dylib) [com.apple.xpc:connection] [0x7247761c0] invalidated because the current process cancelled the connection by calling xpc_connection_cancel()
2025-11-10 15:01:15.098051-0600 0x18a1dc   Default     0x0                  1286   0    CursorUIViewService: (libxpc.dylib) [com.apple.xpc:connection] [0x9a2ca1200] invalidated because the client process (pid 62446) either cancelled the connection or exited
2025-11-10 15:01:15.098171-0600 0x2696     Default     0x0                  1286   0    CursorUIViewService: (libxpc.dylib) [com.apple.xpc:connection] [0x9a3069cc0] invalidated because the current process cancelled the connection by calling xpc_connection_cancel()
2025-11-10 15:01:15.098140-0600 0x18a466   Default     0x0                  1149   0    ViewBridgeAuxiliary: (libxpc.dylib) [com.apple.xpc:connection] [0x7db1a1680] invalidated because the client process (pid 62446) either cancelled the connection or exited
2025-11-10 15:01:15.098362-0600 0x18a466   Default     0x0                  1149   0    ViewBridgeAuxiliary: (libxpc.dylib) [com.apple.xpc:connection] [0x7db1a0780] invalidated because the client process (pid 1286) either cancelled the connection or exited
2025-11-10 15:01:15.098462-0600 0x18a091   Default     0x0                  642    0    WindowServer: (BackBoardHIDEventFoundation) [com.apple.BackBoard:EventDelivery] new deferring rules for pid:62446: [[62446-1D]; <keyboardFocus>; () -> <token: viewbridge-key-window; pid: 62446>; reason: …RemoteView deferKeyboardEventsToParticularWindow:forReason:]]
2025-11-10 15:01:15.098491-0600 0x18a091   Default     0x0                  642    0    WindowServer: (BackBoardHIDEventFoundation) [com.apple.BackBoard:EventDelivery] [keyboardFocus 0x7690e60d0] setRules:forPID(62446): [[62446-1D]; <keyboardFocus>; () -> <token: viewbridge-key-window; pid: 62446>; reason: -[NSRemoteView deferKeyboardEventsToParticularWindow:forReason:]]
2025-11-10 15:01:15.098569-0600 0x18a091   Default     0x0                  642    0    WindowServer: (BackBoardHIDEventFoundation) [com.apple.BackBoard:EventDelivery] chain did update (setDeferringRules) <keyboardFocus; display: null> containsEndOfChain: YES; [
    <token: <frontmost>; pid: 642>,
    <token: Terminal:0x0-0x4dc4dc; pid: 642>,
    <pid: 62446>,
    <token: viewbridge-key-window; pid: 62446>
]
2025-11-10 15:01:15.098642-0600 0x18a091   Default     0x0                  642    0    WindowServer: (BackBoardHIDEventFoundation) [com.apple.BackBoard:EventDelivery] new deferring rules for pid:62446: [[62446-1E]; <keyboardFocus>; () -> <token: viewbridge-key-window; pid: 62446>; reason: …RemoteView deferKeyboardEventsToParticularWindow:forReason:]]
2025-11-10 15:01:15.098659-0600 0x18a091   Default     0x0                  642    0    WindowServer: (BackBoardHIDEventFoundation) [com.apple.BackBoard:EventDelivery] [keyboardFocus 0x7690e60d0] setRules:forPID(62446): [[62446-1E]; <keyboardFocus>; () -> <token: viewbridge-key-window; pid: 62446>; reason: -[NSRemoteView deferKeyboardEventsToParticularWindow:forReason:]]
2025-11-10 15:01:15.098708-0600 0x18a091   Default     0x0                  642    0    WindowServer: (BackBoardHIDEventFoundation) [com.apple.BackBoard:EventDelivery] chain did update (setDeferringRules) <keyboardFocus; display: null> containsEndOfChain: YES; [
    <token: <frontmost>; pid: 642>,
    <token: Terminal:0x0-0x4dc4dc; pid: 642>,
    <pid: 62446>,
    <token: viewbridge-key-window; pid: 62446>
]
2025-11-10 15:01:15.098913-0600 0x18a1e7   Default     0x62c6cb             1483   0    IntelligencePlatformComputeService: [com.apple.intelligenceplatform.IntelligencePlatformComputeService:Default] IntelligencePlatformComputeService: updateViewWithName AppsRecentlyFocused called
2025-11-10 15:01:15.099061-0600 0x18a1ca   Activity    0x62c2e6             1119   0    corespotlightd: (BiomeFoundation) _BMXPCFileManager.temporaryFileHandleWithProtection:error:
2025-11-10 15:01:15.099205-0600 0x18a1e7   Default     0x62c6cb             1483   0    IntelligencePlatformComputeService: [com.apple.intelligenceplatform.IntelligencePlatformComputeService:Default] IntelligencePlatformComputeService: updateViewWithName AppsRecentlyFocused begining update
2025-11-10 15:01:15.100098-0600 0x18a3a0   Default     0x0                  1463   0    Spotlight: (CoreSpotlight) [com.apple.corespotlight:query] [qid=1] Updated: 1 mdquery items
2025-11-10 15:01:15.100161-0600 0x18a3a0   Default     0x0                  1463   0    Spotlight: (Spotlight) [com.apple.spotlight:Apps] Found application at:<private>
2025-11-10 15:01:15.100189-0600 0x18a3a0   Default     0x0                  1463   0    Spotlight: (Spotlight) [com.apple.spotlight:Apps] Update ID for app at path <private> from <private> to <private>
2025-11-10 15:01:15.100204-0600 0x18a3a0   Default     0x0                  1463   0    Spotlight: (Spotlight) [com.apple.spotlight:Apps] [qid=1][LocalApps] changed items <private>
2025-11-10 15:01:15.101376-0600 0x18a1e7   Default     0x0                  1483   3    IntelligencePlatformComputeService: (BiomeStorage) [com.apple.Biome:BiomeStorage] Enumerator for App.InFocus starting from <private>/<private>+0x76f90
2025-11-10 15:01:15.102339-0600 0x18a1e7   Activity    0x62befe             1483   0    IntelligencePlatformComputeService: (BiomeFoundation) _BMXPCFileManager._fileHandleForFileAtPath:flags:protection:error:
2025-11-10 15:01:15.103087-0600 0x1892aa   Default     0x0                  62446  0    Terminal: (TextInputUIMacHelper) [com.apple.TextInputUI:CursorUI] -[TUINSCursorUIController scheduleUpdateCursorLocation]
2025-11-10 15:01:15.107399-0600 0x18a1e7   Default     0x0                  1483   0    IntelligencePlatformComputeService: (libxpc.dylib) [com.apple.xpc:connection] [0xb3cffe6c0] invalidated because the current process cancelled the connection by calling xpc_connection_cancel()
2025-11-10 15:01:15.107559-0600 0x18a1ca   Activity    0x62c2e7             1119   0    corespotlightd: (BiomeFoundation) _BMXPCFileManager.replaceFileAtPath:withFileHandle:error:
2025-11-10 15:01:15.110078-0600 0x18a700   Default     0x0                  1001   0    BiomeAgent: (libxpc.dylib) [com.apple.xpc:connection] [0xc373d5c80] invalidated because the client process (pid 1483) either cancelled the connection or exited
2025-11-10 15:01:15.110120-0600 0x18a1e7   Default     0x0                  1483   0    IntelligencePlatformComputeService: (IntelligencePlatformCore) [com.apple.intelligenceplatform:views] ViewUpdate: <private>: Finished update
2025-11-10 15:01:15.110165-0600 0x18a1e7   Default     0x0                  1483   0    IntelligencePlatformComputeService: (IntelligencePlatformCore) [com.apple.intelligenceplatform:views] ViewUpdate: <private>: <private>: Finished update
2025-11-10 15:01:15.110749-0600 0x18a1e7   Default     0x62c6cb             1483   0    IntelligencePlatformComputeService: [com.apple.intelligenceplatform.IntelligencePlatformComputeService:Default] IntelligencePlatformComputeService: update AppsRecentlyFocused returning responses
2025-11-10 15:01:15.111852-0600 0x18a1dd   Default     0x62c6cb             1001   0    BiomeAgent: (IntelligencePlatformCore) [com.apple.intelligenceplatform:views] ViewUpdate: 68:AppsRecentlyFocused: View was updated
2025-11-10 15:01:15.112024-0600 0x18a1dd   Default     0x62c6cb             1001   0    BiomeAgent: (IntelligencePlatformCore) [com.apple.intelligenceplatform:views] ViewUpdate: completed update
2025-11-10 15:01:15.112104-0600 0x18a1dd   Default     0x62c6cb             1001   0    BiomeAgent: (IntelligencePlatformCore) [com.apple.intelligenceplatform:orchestration] ViewUpdate: 68:AppsRecentlyFocused: Ending view update attempt
2025-11-10 15:01:15.112471-0600 0x18a1dd   Default     0x62c6cb             1001   0    BiomeAgent: (IntelligencePlatformCore) [com.apple.intelligenceplatform:orchestration] ViewUpdate: Finished update job for live
2025-11-10 15:01:15.113457-0600 0x105f     Default     0x0                  642    7    WindowServer: (SkyLight) [com.apple.SkyLight:display] [ Display:Seed       ] pkg conditional move for wid 2440, conn 76a03 (<private>), pid 1286, seed = 41 -> success
2025-11-10 15:01:15.115822-0600 0x2696     Default     0x0                  1286   0    CursorUIViewService: [com.apple.TextInputUI:ViewService] -[TUICursorUIViewService setAccessories:]: <private>
2025-11-10 15:01:15.120113-0600 0x2696     Default     0x0                  1286   0    CursorUIViewService: [com.apple.TextInputUI:ViewService] -[TUICursorUIViewService updateCursorAccessories]: view count=2
2025-11-10 15:01:15.120270-0600 0x2696     Default     0x0                  1286   0    CursorUIViewService: [com.apple.TextInputUI:ViewService] -[TUICursorUIViewService setTextCursorIsActive:]: YES
2025-11-10 15:01:15.120290-0600 0x2696     Default     0x0                  1286   0    CursorUIViewService: [com.apple.TextInputUI:ViewService] -[TUINSTextInputMenuController activateInputModeSwitcher]
2025-11-10 15:01:15.123158-0600 0x18a091   Default     0x0                  642    0    WindowServer: (HSTouchHIDService) [com.apple.Multitouch:Plugin] Actuation(id=1) was requested (deviceID 0x7000000000000A7)
2025-11-10 15:01:15.123290-0600 0x26d0     Default     0x0                  1290   0    TextInputSwitcher: (TextInputMenuUI) <private>
2025-11-10 15:01:15.125816-0600 0x18a6e4   Activity    0x62c546             1463   0    Spotlight: (CoreServicesInternal) CFURLResolveBookmarkData
2025-11-10 15:01:15.125872-0600 0x18a6e4   Activity    0x62c547             1463   0    Spotlight: (CoreServicesInternal) CFURLResolveBookmarkData
2025-11-10 15:01:15.127311-0600 0x18a6e4   Default     0x0                  1463   0    Spotlight: (Spotlight) [com.apple.spotlight:Apps] Found application at:<private>
2025-11-10 15:01:15.127331-0600 0x18a6e4   Default     0x0                  1463   0    Spotlight: (Spotlight) [com.apple.spotlight:Apps] Update ID for app at path <private> from <private> to <private>
2025-11-10 15:01:15.128335-0600 0x18a1ce   Activity    0x62c5e5             9203   0    PerfPowerServices: (CoreLocation) CL: CLCopyAppsUsingLocation
2025-11-10 15:01:15.128378-0600 0x18a1ce   Default     0x62c5e5             9203   0    PerfPowerServices: (CoreLocation) [com.apple.locationd.Core:Client] {"msg":"CLCopyAppsUsingLocation", "event":"activity"}
2025-11-10 15:01:15.128499-0600 0x1883ff   Activity    0x62c731             616    0    locationd: CL: _CLDaemonGetAppsUsingLocation
2025-11-10 15:01:15.128883-0600 0x18a091   Default     0x0                  642    0    WindowServer: (HSTouchHIDService) [com.apple.Multitouch:Plugin] [HID] [MT] <private><private><private> [0x7000000000000A7] Button event(mask=0) was dispatched from HostAlgs-Button
2025-11-10 15:01:15.129003-0600 0x18a091   Default     0x0                  642    0    WindowServer: (HSTouchHIDService) [com.apple.Multitouch:Plugin] [TP] Dispatching digitizer event with 4 children, _eventMask=0x44 _childEventMask=0x44 Cancel=0 Touching=1 inRange=1
2025-11-10 15:01:15.129625-0600 0x105f     Default     0x0                  642    7    WindowServer: (SkyLight) [com.apple.SkyLight:display] [ Display:Seed       ] pkg conditional move for wid 2440, conn 76a03 (<private>), pid 1286, seed = 41 -> success
2025-11-10 15:01:15.130624-0600 0x1b41     Default     0x0                  1043   3    sharingd: (CoreUtils) [com.apple.sharing:SDNearbyAgentCore] NearbyInfo received activity level: 0x3 after decryption
2025-11-10 15:01:15.131429-0600 0x18a42d   Default     0x0                  1007   3    rapportd: (CoreUtils) [com.apple.rapport:RPRemoteDisplayDaemon] BLE device changed: SFDevice ID bb00296c-951b-1000-8000-001ff3fb80df, IDS BBqxbpIZ, RSSI -59 (-57)~F, Nm BBkRMTCE, Md BBMMBzSq, AltDSID BBDffEzI, AID 'BBBouJcl', DuetSync, Hotspot 0x17A, MRI 'BBWImDFt', MRtI 'BBROEGxW', PairedBT, PairedSys Conjectured, rapportID BBqxbpIZ, WiFiP2P, DF 0x29 < MyMe MyiCloud Ranging >, DT Generic, AcLv Idle (3)
2025-11-10 15:01:15.132054-0600 0x1b41     Default     0x0                  1043   3    sharingd: (CoreUtils) [com.apple.sharing:SDNearbyAgentCore] NearbyInfo received activity level: 0x3 after decryption
2025-11-10 15:01:15.134298-0600 0x18a31a   Default     0x0                  1082   0    ContinuityCaptureAgent: (CMContinuityCaptureCore) [com.apple.CMContinuityCapture:default] CMContinuityCaptureDiscoverySession: [0xb6103d220] Device RPRemoteDisplayDevice, AltDSID 'BBHGDJuy', IDS 'BBzYjcZp', PI 'BBzYjcZp', Nm 'BBfpgAUV', Md 'BBKebeJy', CC 5, SF 0x880382 < BLE Personal DuetSync WiFiP2P Owner ApplePay > device state changed 20
2025-11-10 15:01:15.134373-0600 0x18a31a   Default     0x0                  1082   0    ContinuityCaptureAgent: (CMContinuityCaptureCore) [com.apple.CMContinuityCapture:default] <private> RapportErrorFlags : 0
2025-11-10 15:01:15.134431-0600 0x18a31a   Default     0x0                  1082   0    ContinuityCaptureAgent: (CMContinuityCaptureCore) [com.apple.CMContinuityCapture:default] <private> use sidecar
2025-11-10 15:01:15.134543-0600 0x18a31a   Default     0x0                  1082   0    ContinuityCaptureAgent: (CMContinuityCaptureCore) [com.apple.CMContinuityCapture:default] <private> SidecarDevices : (
    "IDS 53E9298E"
)
2025-11-10 15:01:15.134580-0600 0x18a42d   Default     0x0                  1007   3    rapportd: (CoreUtils) [com.apple.rapport:RPRemoteDisplayDaemon] BLE device changed: SFDevice ID bb00296c-951b-1000-8000-001ff3fb80df, IDS BBqxbpIZ, RSSI -59 (-58)~F, Nm BBkRMTCE, Md BBMMBzSq, AltDSID BBDffEzI, AID 'BBBouJcl', DuetSync, Hotspot 0x17A, MRI 'BBWImDFt', MRtI 'BBROEGxW', PairedBT, PairedSys Conjectured, rapportID BBqxbpIZ, WiFiP2P, DF 0x29 < MyMe MyiCloud Ranging >, DT Generic, AcLv Idle (3)
2025-11-10 15:01:15.134657-0600 0x18a31a   Default     0x0                  1082   0    ContinuityCaptureAgent: (CMContinuityCaptureCore) [com.apple.CMContinuityCapture:default] <private> RapportDevices : (
    "RPRemoteDisplayDevice, AltDSID 'BBHGDJuy', IDS 'BBzYjcZp', PI 'BBzYjcZp', Nm 'BBfpgAUV', Md 'BBKebeJy', CC 5, SF 0x880382 < BLE Personal DuetSync WiFiP2P Owner ApplePay >"
)
2025-11-10 15:01:15.134739-0600 0x18a31a   Default     0x0                  1082   0    ContinuityCaptureAgent: (CMContinuityCaptureCore) [com.apple.CMContinuityCapture:default] <private> allowedIdentifiers : {(
    "53E9298E-92BF-425E-8F2C-98B5EFCE6DA7"
)}
2025-11-10 15:01:15.134797-0600 0x18a31a   Default     0x0                  1082   0    ContinuityCaptureAgent: (CMContinuityCaptureCore) [com.apple.CMContinuityCapture:default] <private> Client Device Identifier:53E9298E-92BF-425E-8F2C-98B5EFCE6DA7 Name:Sús Model:iPhone14,3 Wired:0 Wireless:1 Magic:0 Nearby:1 Capabilities:1 Version:26.2 devicePtr:0xb6105da40 status 880382
2025-11-10 15:01:15.134841-0600 0x18a31a   Default     0x0                  1082   0    ContinuityCaptureAgent: (AVFCapture) [com.apple.cameracapture:] <<<< AVContinuityCaptureCapabilitiesCache >>>> +[AVContinuityCaptureCapabilitiesCache capabilitiesForIdentifier:]: Identifier: <private>
2025-11-10 15:01:15.135019-0600 0x17a5eb   Default     0x0                  639    0    com.apple.cmio.registerassistantservice: [com.apple.cmio:] RegisterAssistantService.m:2846:-[RegisterAssistantServer _preferenceValueForKey:pid:userDefaults:] [<private>] returning <private> : <private>
2025-11-10 15:01:15.135517-0600 0x18a4af   Default     0x0                  1388   0    SidecarRelay: [com.apple.sidecar:rapport] IDS 53E9298E: Device Changed <BLE Personal DuetSync WiFiP2P Owner ApplePay LocalDevice AirDropUsable MeDeviceIsMe MultiUserDevice [RSSI]>
2025-11-10 15:01:15.136965-0600 0x1892aa   Default     0x0                  62446  0    Terminal: (TextInputUIMacHelper) [com.apple.TextInputUI:CursorUI] -[TUINSCursorUIController scheduleUpdateCursorLocation]
2025-11-10 15:01:15.136961-0600 0x18a31a   Default     0x0                  1082   0    ContinuityCaptureAgent: (CMContinuityCaptureCore) [com.apple.CMContinuityCapture:default] <private> (53E9298E-92BF-425E-8F2C-98B5EFCE6DA7) using original capabilities
2025-11-10 15:01:15.137016-0600 0x18a31a   Default     0x0                  1082   0    ContinuityCaptureAgent: (CMContinuityCaptureCore) [com.apple.CMContinuityCapture:default] <private> Support with rapport for 53E9298E-92BF-425E-8F2C-98B5EFCE6DA7
2025-11-10 15:01:15.137095-0600 0x18a31a   Default     0x0                  1082   0    ContinuityCaptureAgent: (CMContinuityCaptureCore) [com.apple.CMContinuityCapture:default] <private> RapportDevices : (
    "RPRemoteDisplayDevice, AltDSID 'BBHGDJuy', IDS 'BBzYjcZp', PI 'BBzYjcZp', Nm 'BBfpgAUV', Md 'BBKebeJy', CC 5, SF 0x880382 < BLE Personal DuetSync WiFiP2P Owner ApplePay >"
)
2025-11-10 15:01:15.137123-0600 0x18a31a   Default     0x0                  1082   0    ContinuityCaptureAgent: (CMContinuityCaptureCore) [com.apple.CMContinuityCapture:default] <private> Client Device Identifier:53E9298E-92BF-425E-8F2C-98B5EFCE6DA7 Name:Sús Model:iPhone14,3 Wired:0 Wireless:1 Magic:0 Nearby:1 Capabilities:1 Version:26.2 devicePtr:0xb60c45900 status:880382 isDedicated:0
2025-11-10 15:01:15.137144-0600 0x18a31a   Default     0x0                  1082   0    ContinuityCaptureAgent: (AVFCapture) [com.apple.cameracapture:] <<<< AVContinuityCaptureCapabilitiesCache >>>> +[AVContinuityCaptureCapabilitiesCache capabilitiesForIdentifier:]: Identifier: <private>
2025-11-10 15:01:15.137212-0600 0x17a5eb   Default     0x0                  639    0    com.apple.cmio.registerassistantservice: [com.apple.cmio:] RegisterAssistantService.m:2846:-[RegisterAssistantServer _preferenceValueForKey:pid:userDefaults:] [<private>] returning <private> : <private>
2025-11-10 15:01:15.138295-0600 0x18a31a   Default     0x0                  1082   0    ContinuityCaptureAgent: (AVFCapture) [com.apple.cameracapture:] <<<< AVContinuityCaptureCapabilitiesCache >>>> +[AVContinuityCaptureCapabilitiesCache storeCapabilities:forIdentifier:]: Identifier: <private>
2025-11-10 15:01:15.139357-0600 0x1b41     Default     0x0                  1043   3    sharingd: (CoreUtils) [com.apple.sharing:SDNearbyAgentCore] ### Unable to decrypt activity level with authTag yes identity no error 0 for device SFDevice ID bb00ae94-9488-1000-8000-001ff3fb80df, RSSI -90 (-89)~F, DuetSync, WiFiP2P, DF 0x30 < PeerMe Ranging >, DT Generic, AcLv ? (16)
2025-11-10 15:01:15.139538-0600 0x17a5eb   Default     0x0                  639    0    com.apple.cmio.registerassistantservice: [com.apple.cmio:] RegisterAssistantService.m:2118:-[RegisterAssistantServer addRegisterExtensionConnection:]_block_invoke [<private>] setting <private> : <private>
2025-11-10 15:01:15.140297-0600 0x18a31a   Default     0x0                  1082   0    ContinuityCaptureAgent: (CMContinuityCaptureCore) [com.apple.CMContinuityCapture:default] <private> Device CMContinuityCaptureTransportRapportDevice: 53E9298E-92BF-425E-8F2C-98B5EFCE6DA7 [0xb60d4b080] name Sús present
