2025-11-10 15:01:13.664710-0600 0x1b41     Default     0x0                  1043   3    sharingd: (CoreUtils) [com.apple.sharing:SDNearbyAgentCore] ### Unable to decrypt activity level with authTag yes identity no error 0 for device SFDevice ID bb004fed-bb0d-1000-8000-001ff3fb80df, RSSI -75 (-74)~F, DuetSync, DF 0x20 < Ranging >, DT Generic, AcLv ? (16)
2025-11-10 15:01:13.665741-0600 0x1b41     Default     0x0                  1043   3    sharingd: (CoreUtils) [com.apple.sharing:SDNearbyAgentCore] ### Unable to decrypt activity level with authTag yes identity no error 0 for device SFDevice ID bb004fed-bb0d-1000-8000-001ff3fb80df, RSSI -75 (-74)~F, DuetSync, DF 0x20 < Ranging >, DT Generic, AcLv ? (16)
2025-11-10 15:01:13.667700-0600 0x188978   Default     0x0                  642    0    WindowServer: (IOKit) [com.apple.iohid:default] Connection added: IOHIDEventSystemConnection uuid:E9167A85-0863-4631-9490-960C37D61776 pid:62102 process:Stats type:Rate Controlled entitlements:0x0 caller:Sensors: __swift_noop_void_return + 18876 attributes:(null) state:0x0 events:0 mask:0x0 dropped:0 dropStatus:0 droppedMask:0x0 lastDroppedTime:NONE
2025-11-10 15:01:13.693210-0600 0x1892aa   Default     0x0                  62446  0    Terminal: (TextInputUIMacHelper) [com.apple.TextInputUI:CursorUI] -[TUINSCursorUIController scheduleUpdateCursorLocation]
2025-11-10 15:01:13.715123-0600 0x188ccb   Default     0x0                  62102  0    Stats: (IOKit) [com.apple.iohid:oversized] Released connection: E9167A85-0863-4631-9490-960C37D61776
{
    UUID = "E9167A85-0863-4631-9490-960C37D61776";
    caller = "Sensors: __swift_noop_void_return + 18876";
    dispatchQueue = 0;
    eventCount = 0;
    eventMask = 0;
    port = 180323;
    resetCount = 0;
    runloop = 0;
    services =     (
        4294968446,
        4294968905,
        4294968328,
        4294968432,
        4294968597,
        4294968450,
        4294969307,
        4294968572,
        4294968619,
        4294968906,
        4294968404,
        4294968630,
        4294968587,
        4294968648,
        4294968433,
        4294968641,
        4294968365,
        4294968573,
        4294968444,
        4294968620,
        4294968430,
        4294968588,
        4294969592,
        4294968434,
        4294968954,
        4294968409,
        4294968617,
        4294968323,
        4294968904,
        4294968420,
        4294968951,
        4294968406,
        4294968320,
        4294968589,
        4294968435,
        4294968410,
        4294968912,
        4294968618,
        4294968575
    );
    virtualServices =     (
    );
}
2025-11-10 15:01:13.715263-0600 0x188978   Default     0x0                  642    0    WindowServer: (IOKit) [com.apple.iohid:default] Connection removed: IOHIDEventSystemConnection uuid:E9167A85-0863-4631-9490-960C37D61776 pid:62102 process:Stats type:Rate Controlled entitlements:0x0 caller:Sensors: __swift_noop_void_return + 18876 attributes:(null) state:0x1 events:0 mask:0x0 dropped:0 dropStatus:0 droppedMask:0x0 lastDroppedTime:NONE
2025-11-10 15:01:13.715963-0600 0x189fd6   Default     0x0                  642    0    WindowServer: (IOKit) [com.apple.iohid:default] Connection added: IOHIDEventSystemConnection uuid:E61D8F51-6F50-4F18-B97C-33B8C9DD5B83 pid:62102 process:Stats type:Rate Controlled entitlements:0x0 caller:Sensors: __swift_noop_void_return + 18876 attributes:(null) state:0x0 events:0 mask:0x0 dropped:0 dropStatus:0 droppedMask:0x0 lastDroppedTime:NONE
2025-11-10 15:01:13.729683-0600 0x1892aa   Default     0x0                  62446  0    Terminal: (TextInputUIMacHelper) [com.apple.TextInputUI:CursorUI] -[TUINSCursorUIController scheduleUpdateCursorLocation]
2025-11-10 15:01:13.746561-0600 0x188ccb   Default     0x0                  62102  0    Stats: (IOKit) [com.apple.iohid:oversized] Released connection: E61D8F51-6F50-4F18-B97C-33B8C9DD5B83
{
    UUID = "E61D8F51-6F50-4F18-B97C-33B8C9DD5B83";
    caller = "Sensors: __swift_noop_void_return + 18876";
    dispatchQueue = 0;
    eventCount = 0;
    eventMask = 0;
    port = 260931;
    resetCount = 0;
    runloop = 0;
    services =     (
        4294968679,
        4294968489,
        4294968654,
        4294968690,
        4294968500,
        4294968457,
        4294968665,
        4294968493,
        4294968303,
        4294968658,
        4294968676,
        4294968651,
        4294968504,
        4294968461,
        4294968669,
        4294968497,
        4294968472,
        4294968680,
        4294968655,
        4294968465,
        4294968501,
        4294968458,
        4294968652,
        4294968505,
        4294968462,
        4294968670,
        4294968498,
        4294968491,
        4294968502,
        4294968459,
        4294968495,
        4294968678,
        4294968653,
        4294968499,
        4294968456,
        4294968571,
        4294968650,
        4294968503,
        4294968460,
        4294968496,
        4294968453
    );
    virtualServices =     (
    );
}
2025-11-10 15:01:13.746690-0600 0x188978   Default     0x0                  642    0    WindowServer: (IOKit) [com.apple.iohid:default] Connection removed: IOHIDEventSystemConnection uuid:E61D8F51-6F50-4F18-B97C-33B8C9DD5B83 pid:62102 process:Stats type:Rate Controlled entitlements:0x0 caller:Sensors: __swift_noop_void_return + 18876 attributes:(null) state:0x1 events:0 mask:0x0 dropped:0 dropStatus:0 droppedMask:0x0 lastDroppedTime:NONE
2025-11-10 15:01:13.765144-0600 0x1892aa   Default     0x0                  62446  0    Terminal: (TextInputUIMacHelper) [com.apple.TextInputUI:CursorUI] -[TUINSCursorUIController scheduleUpdateCursorLocation]
2025-11-10 15:01:13.800450-0600 0x1892aa   Default     0x0                  62446  0    Terminal: (TextInputUIMacHelper) [com.apple.TextInputUI:CursorUI] -[TUINSCursorUIController scheduleUpdateCursorLocation]
2025-11-10 15:01:13.834935-0600 0x1892aa   Default     0x0                  62446  0    Terminal: (TextInputUIMacHelper) [com.apple.TextInputUI:CursorUI] -[TUINSCursorUIController scheduleUpdateCursorLocation]
2025-11-10 15:01:13.869441-0600 0x1892aa   Default     0x0                  62446  0    Terminal: (TextInputUIMacHelper) [com.apple.TextInputUI:CursorUI] -[TUINSCursorUIController scheduleUpdateCursorLocation]
2025-11-10 15:01:13.896259-0600 0x18a12c   Activity    0x62c53f             620    0    dasd: (CoreDuetContext) CoreDuet: ClientContext objectForContextualKeyPath:
2025-11-10 15:01:13.903508-0600 0x1892aa   Default     0x0                  62446  0    Terminal: (TextInputUIMacHelper) [com.apple.TextInputUI:CursorUI] -[TUINSCursorUIController scheduleUpdateCursorLocation]
2025-11-10 15:01:13.939016-0600 0x1892aa   Default     0x0                  62446  0    Terminal: (TextInputUIMacHelper) [com.apple.TextInputUI:CursorUI] -[TUINSCursorUIController scheduleUpdateCursorLocation]
2025-11-10 15:01:13.962187-0600 0x175372   Default     0x0                  0      0    kernel: udp_connection_summary [<IPv6-redacted>:58270<-><IPv6-redacted>:443] interface: en0 (skipped: 301)
so_gencnt: 1156031 so_state: 0x0102 process: Google Chrome He:53790 Duration: 29.282 sec Conn_Time: 29.282 sec bytes in/out: 23855/5358 pkts in/out: 25/17 rxnospace pkts/bytes: 0/0 so_error: 0 svc/tc: 0 flow: 0x91e9d8e1 flowctl: 0us (0x)
2025-11-10 15:01:13.974466-0600 0x1892aa   Default     0x0                  62446  0    Terminal: (TextInputUIMacHelper) [com.apple.TextInputUI:CursorUI] -[TUINSCursorUIController scheduleUpdateCursorLocation]
2025-11-10 15:01:13.995165-0600 0x18a1b8   Activity    0x62c68e             648    0    runningboardd: (RunningBoard) invalidateAssertionWithIdentifier
2025-11-10 15:01:13.995268-0600 0x18a1b8   Default     0x62c68e             648    7    runningboardd: (RunningBoard) [com.apple.runningboard:ttl] Invalidating assertion 648-582-336783 (target:[osservice<com.apple.coreservices.useractivityd(501)>:1326]) from originator [osservice<com.apple.powerd>:582]
2025-11-10 15:01:14.004183-0600 0x188dd7   Default     0x0                  0      0    kernel: (com.apple.DriverKit-AppleBCMWLAN.dext) wlan0:com.apple.p2p: monitorAWDLState[10102] : Active Sockets false ValidSvc 4 NumAirplay 0 AFHandlePending 0 TimeOfLastAFHandleRequest 258213 ms
2025-11-10 15:01:14.004215-0600 0x188dd7   Default     0x0                  0      0    kernel: (com.apple.DriverKit-AppleBCMWLAN.dext) wlan0:com.apple.p2p: monitorAWDLState[10200]: BonJourTrig 1 ValidSvc 4 RTApp 0 TSReq 0 HasActAirDrop 0 SocketsActive 0
2025-11-10 15:01:14.004228-0600 0x188dd7   Default     0x0                  0      0    kernel: (com.apple.DriverKit-AppleBCMWLAN.dext) wlan0:com.apple.p2p: setScheduleState[10952]: reason:unknown sc:Infra Priority and force:NO, AWDL-restore:No
2025-11-10 15:01:14.004264-0600 0x188dd7   Default     0x0                  0      0    kernel: (com.apple.DriverKit-AppleBCMWLAN.dext) wlan0:com.apple.wifi: LQM-WiFi:AWDL State #14 Infra Priority(29)  DutyCycle 10  StateDuration 22lu.016s[121798.394 - 121820.410]   StateComplete  1
2025-11-10 15:01:14.004276-0600 0x188dd7   Default     0x0                  0      0    kernel: (com.apple.DriverKit-AppleBCMWLAN.dext) wlan0:com.apple.wifi: LQM-WiFi:AWDL State #15 Infra Priority(29)  DutyCycle 10  StateDuration 2lu.097s[121820.410 - 121822.507]   StateComplete  1
2025-11-10 15:01:14.004286-0600 0x188dd7   Default     0x0                  0      0    kernel: (com.apple.DriverKit-AppleBCMWLAN.dext) wlan0:com.apple.wifi: LQM-WiFi:AWDL State #16 Infra Priority(29)  DutyCycle 10  StateDuration 2lu.001s[121822.507 - 0.000]   StateComplete  0
2025-11-10 15:01:14.004297-0600 0x188dd7   Default     0x0                  0      0    kernel: (com.apple.DriverKit-AppleBCMWLAN.dext) wlan0:com.apple.wifi: LQM-WiFi:AWDL Active Time 599ms(9%) 5.998s[121818.510s - 121824.509s]
2025-11-10 15:01:14.010055-0600 0x1892aa   Default     0x0                  62446  0    Terminal: (TextInputUIMacHelper) [com.apple.TextInputUI:CursorUI] -[TUINSCursorUIController scheduleUpdateCursorLocation]
2025-11-10 15:01:14.045480-0600 0x1892aa   Default     0x0                  62446  0    Terminal: (TextInputUIMacHelper) [com.apple.TextInputUI:CursorUI] -[TUINSCursorUIController scheduleUpdateCursorLocation]
2025-11-10 15:01:14.080772-0600 0x1892aa   Default     0x0                  62446  0    Terminal: (TextInputUIMacHelper) [com.apple.TextInputUI:CursorUI] -[TUINSCursorUIController scheduleUpdateCursorLocation]
2025-11-10 15:01:14.099078-0600 0x18a1b9   Activity    0x62c68f             648    0    runningboardd: (RunningBoard) state update
2025-11-10 15:01:14.099363-0600 0x18a1b9   Activity    0x62c770             648    0    runningboardd: (RunningBoard) state notification
2025-11-10 15:01:14.099414-0600 0x188dd6   Default     0x0                  0      0    kernel: (com.apple.DriverKit-AppleBCMWLAN.dext) wlan0:com.apple.p2p: isInfraRealtimePacketThresholdAllowed allowed:1 option:32 threshold:50 noRegistrations:1 cachedPeerCount:0 fastDiscoveryInactive:1 fastDiscoveryOnSince:121824604
2025-11-10 15:01:14.099519-0600 0x188dd6   Default     0x0                  0      0    kernel: (com.apple.DriverKit-AppleBCMWLAN.dext) wlan0:com.apple.p2p: currentInfraTrafficType:9239 checking if realtime upgrade required with inputPackets:4 outputPackets:3 packetThreshold:50
2025-11-10 15:01:14.099546-0600 0x188dd6   Default     0x0                  0      0    kernel: (com.apple.DriverKit-AppleBCMWLAN.dext) wlan0:com.apple.p2p: peerChannelSteer: PEER_CHANNEL_STEER isSteeringRequired 0 Attempt Count 0
2025-11-10 15:01:14.099558-0600 0x188dd6   Default     0x0                  0      0    kernel: (com.apple.DriverKit-AppleBCMWLAN.dext) wlan0:com.apple.p2p: peerChannelSteer: PEER_CHANNEL_STEER isRestartSteeringRequired is false
2025-11-10 15:01:14.099582-0600 0x188dd6   Default     0x0                  0      0    kernel: (com.apple.DriverKit-AppleBCMWLAN.dext) wlan0:com.apple.p2p: monitorAWDLDataMode[9630] : In AW: Tx:0 Rx:0 Prev Tx:0 Rx:0 time since 261610 indatamode 1 infraPriority 1 cpc 0
2025-11-10 15:01:14.099607-0600 0x188dd6   Default     0x0                  0      0    kernel: (com.apple.DriverKit-AppleBCMWLAN.dext) wlan0:com.apple.p2p: monitorAWDLDataMode[9635] : Ignore changing the state as infraPriority 1 P2P-CPC 0
2025-11-10 15:01:14.099925-0600 0x18a1b4   Default     0x62c770             648    0    runningboardd: (RunningBoard) [com.apple.runningboard:process] [osservice<com.apple.coreservices.useractivityd(501)>:1326] Ignoring jetsam update because this process is not memory-managed
2025-11-10 15:01:14.099988-0600 0x18a1b4   Default     0x62c770             648    0    runningboardd: (RunningBoard) [com.apple.runningboard:process] [osservice<com.apple.coreservices.useractivityd(501)>:1326] Ignoring suspend because this process is not lifecycle managed
2025-11-10 15:01:14.100024-0600 0x18a1b4   Default     0x62c770             648    0    runningboardd: (RunningBoard) [com.apple.runningboard:process] [osservice<com.apple.coreservices.useractivityd(501)>:1326] Ignoring role changes because this process is not role managed
2025-11-10 15:01:14.100052-0600 0x18a1b4   Default     0x62c770             648    0    runningboardd: (RunningBoard) [com.apple.runningboard:process] [osservice<com.apple.coreservices.useractivityd(501)>:1326] Ignoring GPU update because this process is not GPU managed
2025-11-10 15:01:14.100080-0600 0x18a1b4   Default     0x62c770             648    0    runningboardd: (RunningBoard) [com.apple.runningboard:process] [osservice<com.apple.coreservices.useractivityd(501)>:1326] Ignoring memory limit update because this process is not memory-managed
2025-11-10 15:01:14.100109-0600 0x18a1b4   Default     0x62c770             648    0    runningboardd: (RunningBoard) [com.apple.runningboard:process] [osservice<com.apple.coreservices.useractivityd(501)>:1326] Skipping AppNap state - not lifecycle managed
2025-11-10 15:01:14.101288-0600 0x18a3f9   Activity    0x62c52d             1265   0    gamepolicyd: (RunningBoardServices) observedProcessStatesDidChange
2025-11-10 15:01:14.101474-0600 0x18a3f9   Default     0x62c52d             1265   0    gamepolicyd: (RunningBoardServices) [com.apple.runningboard:monitor] Received state update for 1326 (osservice<com.apple.coreservices.useractivityd(501)>, running-NotVisible
2025-11-10 15:01:14.116873-0600 0x1892aa   Default     0x0                  62446  0    Terminal: (TextInputUIMacHelper) [com.apple.TextInputUI:CursorUI] -[TUINSCursorUIController scheduleUpdateCursorLocation]
2025-11-10 15:01:14.153095-0600 0x1892aa   Default     0x0                  62446  0    Terminal: (TextInputUIMacHelper) [com.apple.TextInputUI:CursorUI] -[TUINSCursorUIController scheduleUpdateCursorLocation]
2025-11-10 15:01:14.164935-0600 0x18a39a   Default     0x0                  0      0    kernel: (com.apple.DriverKit-AppleBCMWLAN.dext) wlan0:com.apple.p2p: setSyncFramePeriod:25763 +++ Configuring the sync params(period, length) {16 16}, extlen = 16
2025-11-10 15:01:14.164979-0600 0x18a39a   Default     0x0                  0      0    kernel: (com.apple.DriverKit-AppleBCMWLAN.dext) 146520.891910 InterfaceLogs.A[33218] [dk] setAWDL_SYNC_PARAMS@2668: +++ [] aw_period 16 aw_len 16 aw_ext_len 16 adv_period 110 as non election master 0
2025-11-10 15:01:14.165006-0600 0x18a39a   Default     0x0                  0      0    kernel: (com.apple.DriverKit-AppleBCMWLAN.dext) wlan0:com.apple.p2p: setSyncFramePeriod::Setting PSF period to 110
2025-11-10 15:01:14.165036-0600 0x18a39a   Default     0x0                  0      0    kernel: (com.apple.DriverKit-AppleBCMWLAN.dext) wlan0:com.apple.p2p: programChipWithNewMaster: Programming new Mst: 3E:B6:72:C5:47:62 at 121824.670ms HC 0 met 510 my met 510
2025-11-10 15:01:14.165063-0600 0x18a39a   Default     0x0                  0      0    kernel: (com.apple.DriverKit-AppleBCMWLAN.dext) wlan0:com.apple.p2p: setSyncFramePeriod:25763 +++ Configuring the sync params(period, length) {16 16}, extlen = 16
2025-11-10 15:01:14.165079-0600 0x18a39a   Default     0x0                  0      0    kernel: (com.apple.DriverKit-AppleBCMWLAN.dext) 146520.892014 InterfaceLogs.A[33219] [dk] setAWDL_SYNC_PARAMS@2668: +++ [] aw_period 16 aw_len 16 aw_ext_len 16 adv_period 110 as non election master 0
2025-11-10 15:01:14.165097-0600 0x18a39a   Default     0x0                  0      0    kernel: (com.apple.DriverKit-AppleBCMWLAN.dext) wlan0:com.apple.p2p: setSyncFramePeriod::Setting PSF period to 110
2025-11-10 15:01:14.165112-0600 0x18a39a   Default     0x0                  0      0    kernel: (com.apple.DriverKit-AppleBCMWLAN.dext) wlan0:com.apple.p2p: runElection: ElectionParamsChanged - Prog (F:0, 0) New P:3E:B6:72:C5:47:62 R:3E:B6:72:C5:47:62 [RLFC:8521 HC:0 RMet:510 SLFC:8521 SMet:510]
2025-11-10 15:01:14.186859-0600 0x1892aa   Default     0x0                  62446  0    Terminal: (TextInputUIMacHelper) [com.apple.TextInputUI:CursorUI] -[TUINSCursorUIController scheduleUpdateCursorLocation]
2025-11-10 15:01:14.222969-0600 0x1892aa   Default     0x0                  62446  0    Terminal: (TextInputUIMacHelper) [com.apple.TextInputUI:CursorUI] -[TUINSCursorUIController scheduleUpdateCursorLocation]
2025-11-10 15:01:14.241346-0600 0x189424   Default     0x0                  616    0    locationd: [com.apple.locationd.Core:Harvester] {"msg":"onAvengerAdvertisementDetected: got avenger advertisement", "subHarvester":"Avenger"}
2025-11-10 15:01:14.241423-0600 0x189433   Default     0x0                  616    0    locationd: (SPFinder) [com.apple.icloud.SPFinder:advertisementCache] saveBeaconPayload: 1
2025-11-10 15:01:14.241442-0600 0x189424   Default     0x0                  616    0    locationd: [com.apple.locationd.Core:Harvester] {"msg":"convertToSPAdvertisement", "address":<private>, "data":<private>, "date":<private>, "rssi":<private>, "status":<private>, "reserved":<private>, "subHarvester":"Avenger"}
2025-11-10 15:01:14.241475-0600 0x189433   Activity    0x62c730             616    0    locationd: (SPFinder) SPAdvertisementCache saveBeaconPayloads:completion:
2025-11-10 15:01:14.241507-0600 0x189424   Default     0x0                  616    0    locationd: [com.apple.locationd.Core:Harvester] {"msg":"onAvengerAdvertisementDetected: advertisement is near-owner from other people and do not process it", "subHarvester":"Avenger"}
2025-11-10 15:01:14.242129-0600 0x18a476   Activity    0x62be98             760    0    searchpartyd: (FindMyBase) SaveObservedAdvertisment
2025-11-10 15:01:14.242873-0600 0x18a476   Default     0x62be98             760    0    searchpartyd: (FindMyBase) [com.apple.icloud.searchpartyd:observationStoring] TIME: ObservationStoring.Reconcile: <private>
2025-11-10 15:01:14.259080-0600 0x1892aa   Default     0x0                  62446  0    Terminal: (TextInputUIMacHelper) [com.apple.TextInputUI:CursorUI] -[TUINSCursorUIController scheduleUpdateCursorLocation]
2025-11-10 15:01:14.294760-0600 0x1892aa   Default     0x0                  62446  0    Terminal: (TextInputUIMacHelper) [com.apple.TextInputUI:CursorUI] -[TUINSCursorUIController scheduleUpdateCursorLocation]
2025-11-10 15:01:14.330921-0600 0x1892aa   Default     0x0                  62446  0    Terminal: (TextInputUIMacHelper) [com.apple.TextInputUI:CursorUI] -[TUINSCursorUIController scheduleUpdateCursorLocation]
2025-11-10 15:01:14.367122-0600 0x1892aa   Default     0x0                  62446  0    Terminal: (TextInputUIMacHelper) [com.apple.TextInputUI:CursorUI] -[TUINSCursorUIController scheduleUpdateCursorLocation]
2025-11-10 15:01:14.387205-0600 0x189e14   Activity    0x62c343             597    0    mds: (CoreDuetContext) CoreDuet: ClientContext objectForContextualKeyPath:
2025-11-10 15:01:14.403101-0600 0x1892aa   Default     0x0                  62446  0    Terminal: (TextInputUIMacHelper) [com.apple.TextInputUI:CursorUI] -[TUINSCursorUIController scheduleUpdateCursorLocation]
2025-11-10 15:01:14.404907-0600 0x18a091   Default     0x0                  642    0    WindowServer: (HSTouchHIDService) [com.apple.Multitouch:Plugin] Actuation(id=2) was requested (deviceID 0x7000000000000A7)
2025-11-10 15:01:14.410669-0600 0x18a091   Default     0x0                  642    0    WindowServer: (HSTouchHIDService) [com.apple.Multitouch:Plugin] [HID] [MT] <private><private><private> [0x7000000000000A7] Button event(mask=1) was dispatched from HostAlgs-Button
2025-11-10 15:01:14.410814-0600 0x18a091   Default     0x0                  642    0    WindowServer: (HSTouchHIDService) [com.apple.Multitouch:Plugin] [TP] Dispatching digitizer event with 4 children, _eventMask=0x40 _childEventMask=0x40 Cancel=0 Touching=1 inRange=1
2025-11-10 15:01:14.425980-0600 0x18a6ea   Default     0x0                  642    7    WindowServer: (SkyLight) [com.apple.SkyLight:default] [Event] Process button state old:0 new:1 SenderID:0x10000096a t:2923797975938
2025-11-10 15:01:14.426019-0600 0x18a6ea   Default     0x0                  642    7    WindowServer: (SkyLight) [com.apple.SkyLight:default] [Event] GlobalButtons:1 (Last SenderID:0x10000096a)
2025-11-10 15:01:14.426030-0600 0x18a6ea   Default     0x0                  642    7    WindowServer: (SkyLight) [com.apple.SkyLight:default] [Event] context.globalButtons(0) != translator->globalButtons(1) t:2923797975938
2025-11-10 15:01:14.436841-0600 0x1892aa   Default     0x0                  62446  0    Terminal: (TextInputUIMacHelper) [com.apple.TextInputUI:CursorUI] -[TUINSCursorUIController scheduleUpdateCursorLocation]
2025-11-10 15:01:14.449287-0600 0x188d8c   Default     0x0                  62102  0    Stats: (libxpc.dylib) [com.apple.xpc:connection] [0xa630a43c0] invalidated because the current process cancelled the connection by calling xpc_connection_cancel()
2025-11-10 15:01:14.449341-0600 0x18a387   Default     0x0                  3499   0    intelligencecontextd: (libxpc.dylib) [com.apple.xpc:connection] [0x8cb080480] invalidated because the client process (pid 62102) either cancelled the connection or exited
2025-11-10 15:01:14.449317-0600 0x188d8c   Default     0x0                  62102  0    Stats: (libxpc.dylib) [com.apple.xpc:session] [0xa631cd1d0] Session canceled.
2025-11-10 15:01:14.449415-0600 0x18a387   Default     0x0                  3499   0    intelligencecontextd: (libxpc.dylib) [com.apple.xpc:session] [0x8cad48910] Connection invalidation received
2025-11-10 15:01:14.449373-0600 0x188d21   Default     0x0                  62102  0    Stats: (UIIntelligenceSupport) [com.apple.UIIntelligenceSupport:xpc] agent connection cancelled (details: Session manually canceled)
2025-11-10 15:01:14.449434-0600 0x18a387   Default     0x0                  3499   0    intelligencecontextd: (libxpc.dylib) [com.apple.xpc:session] [0x8cad48910] Session canceled.
2025-11-10 15:01:14.449399-0600 0x188d21   Default     0x0                  62102  0    Stats: (libxpc.dylib) [com.apple.xpc:session] [0xa631cd1d0] Disposing of session
2025-11-10 15:01:14.449486-0600 0x18a387   Default     0x0                  3499   0    intelligencecontextd: (UIIntelligenceSupportAgent) [com.apple.UIIntelligenceSupport:xpc] client ConnectionID(1342, ProcessInfo("eu.exelban.Stats", pid: 62102)) disconnected
2025-11-10 15:01:14.449527-0600 0x18a387   Default     0x0                  3499   0    intelligencecontextd: (libxpc.dylib) [com.apple.xpc:session] [0x8cad48910] Disposing of session
2025-11-10 15:01:14.472159-0600 0x1892aa   Default     0x0                  62446  0    Terminal: (TextInputUIMacHelper) [com.apple.TextInputUI:CursorUI] -[TUINSCursorUIController scheduleUpdateCursorLocation]
2025-11-10 15:01:14.493506-0600 0x188978   Default     0x0                  642    0    WindowServer: (HSTouchHIDService) [com.apple.Multitouch:Plugin] Actuation(id=1) was requested (deviceID 0x7000000000000A7)
2025-11-10 15:01:14.499142-0600 0x188978   Default     0x0                  642    0    WindowServer: (HSTouchHIDService) [com.apple.Multitouch:Plugin] [HID] [MT] <private><private><private> [0x7000000000000A7] Button event(mask=0) was dispatched from HostAlgs-Button
2025-11-10 15:01:14.499247-0600 0x188978   Default     0x0                  642    0    WindowServer: (HSTouchHIDService) [com.apple.Multitouch:Plugin] [TP] Dispatching digitizer event with 4 children, _eventMask=0x40 _childEventMask=0x40 Cancel=0 Touching=1 inRange=1
2025-11-10 15:01:14.508607-0600 0x18a2da   Default     0x0                  642    7    WindowServer: (SkyLight) [com.apple.SkyLight:default] [Event] Process button state old:1 new:0 SenderID:0x10000096a t:2923800099336
2025-11-10 15:01:14.508621-0600 0x18a2da   Default     0x0                  642    7    WindowServer: (SkyLight) [com.apple.SkyLight:default] [Event] GlobalButtons:0 (Last SenderID:0x10000096a)
2025-11-10 15:01:14.508627-0600 0x18a2da   Default     0x0                  642    7    WindowServer: (SkyLight) [com.apple.SkyLight:default] [Event] context.globalButtons(1) != translator->globalButtons(0) t:2923800099336
2025-11-10 15:01:14.508815-0600 0x1892aa   Default     0x0                  62446  0    Terminal: (TextInputUIMacHelper) [com.apple.TextInputUI:CursorUI] -[TUINSCursorUIController scheduleUpdateCursorLocation]
2025-11-10 15:01:14.525822-0600 0x188978   Default     0x0                  642    0    WindowServer: (HSTouchHIDService) [com.apple.Multitouch:Plugin] [TP] Dispatching digitizer event with 2 children, _eventMask=0x42 _childEventMask=0x42 Cancel=0 Touching=0 inRange=1
2025-11-10 15:01:14.544773-0600 0x1892aa   Default     0x0                  62446  0    Terminal: (TextInputUIMacHelper) [com.apple.TextInputUI:CursorUI] -[TUINSCursorUIController scheduleUpdateCursorLocation]
2025-11-10 15:01:14.547776-0600 0x1884ca   Default     0x0                  634    0    bluetoothd: [com.apple.bluetooth:Server.LE.Scan] decryptProximityPairingPayload device:<private> address:<private>
2025-11-10 15:01:14.552408-0600 0x1b41     Default     0x0                  1043   3    sharingd: (CoreUtils) [com.apple.sharing:SDNearbyAgentCore] ### Unable to decrypt activity level with authTag yes identity no error 0 for device SFDevice ID bb003fd3-ab20-1000-8000-001ff3fb80df, RSSI -86 (-86)~F, DuetSync, DT Generic, AcLv ? (16)
2025-11-10 15:01:14.553348-0600 0x1b41     Default     0x0                  1043   3    sharingd: (CoreUtils) [com.apple.sharing:SDNearbyAgentCore] ### Unable to decrypt activity level with authTag yes identity no error 0 for device SFDevice ID bb003fd3-ab20-1000-8000-001ff3fb80df, RSSI -86 (-86)~F, DuetSync, DT Generic, AcLv ? (16)
2025-11-10 15:01:14.580092-0600 0x1b41     Default     0x0                  1043   3    sharingd: (CoreUtils) [com.apple.sharing:SDNearbyAgentCore] NearbyInfo received activity level: 0x3 after decryption
2025-11-10 15:01:14.580625-0600 0x1b41     Default     0x0                  1043   3    sharingd: (CoreUtils) [com.apple.sharing:SDNearbyAgentCore] NearbyInfo received activity level: 0x3 after decryption
2025-11-10 15:01:14.580752-0600 0x18a42d   Default     0x0                  1007   3    rapportd: (CoreUtils) [com.apple.rapport:RPRemoteDisplayDaemon] BLE device changed: SFDevice ID bb00296c-951b-1000-8000-001ff3fb80df, IDS BBqxbpIZ, RSSI -60 (-57)~F, Nm BBkRMTCE, Md BBMMBzSq, AltDSID BBDffEzI, AID 'BBBouJcl', DuetSync, Hotspot 0x17A, MRI 'BBWImDFt', MRtI 'BBROEGxW', PairedBT, PairedSys Conjectured, rapportID BBqxbpIZ, WiFiP2P, DF 0x29 < MyMe MyiCloud Ranging >, DT Generic, AcLv Idle (3)
2025-11-10 15:01:14.581029-0600 0x1892aa   Default     0x0                  62446  0    Terminal: (TextInputUIMacHelper) [com.apple.TextInputUI:CursorUI] -[TUINSCursorUIController scheduleUpdateCursorLocation]
2025-11-10 15:01:14.581033-0600 0x1b41     Default     0x0                  1043   3    sharingd: (CoreUtils) [com.apple.sharing:SDNearbyAgentCore] NearbyInfo received activity level: 0x3 after decryption
2025-11-10 15:01:14.582527-0600 0x18a31a   Default     0x0                  1082   0    ContinuityCaptureAgent: (CMContinuityCaptureCore) [com.apple.CMContinuityCapture:default] CMContinuityCaptureDiscoverySession: [0xb6103d220] Device RPRemoteDisplayDevice, AltDSID 'BBHGDJuy', IDS 'BBzYjcZp', PI 'BBzYjcZp', Nm 'BBfpgAUV', Md 'BBKebeJy', CC 5, SF 0x880382 < BLE Personal DuetSync WiFiP2P Owner ApplePay > device state changed 20
2025-11-10 15:01:14.582570-0600 0x18a31a   Default     0x0                  1082   0    ContinuityCaptureAgent: (CMContinuityCaptureCore) [com.apple.CMContinuityCapture:default] <private> RapportErrorFlags : 0
2025-11-10 15:01:14.582606-0600 0x18a42d   Default     0x0                  1007   3    rapportd: (CoreUtils) [com.apple.rapport:RPRemoteDisplayDaemon] BLE device changed: SFDevice ID bb00296c-951b-1000-8000-001ff3fb80df, IDS BBqxbpIZ, RSSI -59 (-57)~F, Nm BBkRMTCE, Md BBMMBzSq, AltDSID BBDffEzI, AID 'BBBouJcl', DuetSync, Hotspot 0x17A, MRI 'BBWImDFt', MRtI 'BBROEGxW', PairedBT, PairedSys Conjectured, rapportID BBqxbpIZ, WiFiP2P, DF 0x29 < MyMe MyiCloud Ranging >, DT Generic, AcLv Idle (3)
2025-11-10 15:01:14.582602-0600 0x18a31a   Default     0x0                  1082   0    ContinuityCaptureAgent: (CMContinuityCaptureCore) [com.apple.CMContinuityCapture:default] <private> use sidecar
2025-11-10 15:01:14.582664-0600 0x18a31a   Default     0x0                  1082   0    ContinuityCaptureAgent: (CMContinuityCaptureCore) [com.apple.CMContinuityCapture:default] <private> SidecarDevices : (
    "IDS 53E9298E"
)
2025-11-10 15:01:14.582717-0600 0x18a31a   Default     0x0                  1082   0    ContinuityCaptureAgent: (CMContinuityCaptureCore) [com.apple.CMContinuityCapture:default] <private> RapportDevices : (
    "RPRemoteDisplayDevice, AltDSID 'BBHGDJuy', IDS 'BBzYjcZp', PI 'BBzYjcZp', Nm 'BBfpgAUV', Md 'BBKebeJy', CC 5, SF 0x880382 < BLE Personal DuetSync WiFiP2P Owner ApplePay >"
)
2025-11-10 15:01:14.582753-0600 0x18a31a   Default     0x0                  1082   0    ContinuityCaptureAgent: (CMContinuityCaptureCore) [com.apple.CMContinuityCapture:default] <private> allowedIdentifiers : {(
    "53E9298E-92BF-425E-8F2C-98B5EFCE6DA7"
)}
2025-11-10 15:01:14.582781-0600 0x18a31a   Default     0x0                  1082   0    ContinuityCaptureAgent: (CMContinuityCaptureCore) [com.apple.CMContinuityCapture:default] <private> Client Device Identifier:53E9298E-92BF-425E-8F2C-98B5EFCE6DA7 Name:Sús Model:iPhone14,3 Wired:0 Wireless:1 Magic:0 Nearby:1 Capabilities:1 Version:26.2 devicePtr:0xb6105da40 status 880382
2025-11-10 15:01:14.582834-0600 0x18a31a   Default     0x0                  1082   0    ContinuityCaptureAgent: (AVFCapture) [com.apple.cameracapture:] <<<< AVContinuityCaptureCapabilitiesCache >>>> +[AVContinuityCaptureCapabilitiesCache capabilitiesForIdentifier:]: Identifier: <private>
2025-11-10 15:01:14.582988-0600 0x17a5eb   Default     0x0                  639    0    com.apple.cmio.registerassistantservice: [com.apple.cmio:] RegisterAssistantService.m:2846:-[RegisterAssistantServer _preferenceValueForKey:pid:userDefaults:] [<private>] returning <private> : <private>
2025-11-10 15:01:14.583082-0600 0x18a4af   Default     0x0                  1388   0    SidecarRelay: [com.apple.sidecar:rapport] IDS 53E9298E: Device Changed <BLE Personal DuetSync WiFiP2P Owner ApplePay LocalDevice AirDropUsable MeDeviceIsMe MultiUserDevice [RSSI]>
2025-11-10 15:01:14.584818-0600 0x18a4af   Default     0x0                  1388   0    SidecarRelay: [com.apple.sidecar:rapport] IDS 53E9298E: Device Changed <BLE Personal DuetSync WiFiP2P Owner ApplePay LocalDevice AirDropUsable MeDeviceIsMe MultiUserDevice [RSSI]>
2025-11-10 15:01:14.584920-0600 0x18a31a   Default     0x0                  1082   0    ContinuityCaptureAgent: (CMContinuityCaptureCore) [com.apple.CMContinuityCapture:default] <private> (53E9298E-92BF-425E-8F2C-98B5EFCE6DA7) using original capabilities
2025-11-10 15:01:14.584962-0600 0x18a31a   Default     0x0                  1082   0    ContinuityCaptureAgent: (CMContinuityCaptureCore) [com.apple.CMContinuityCapture:default] <private> Support with rapport for 53E9298E-92BF-425E-8F2C-98B5EFCE6DA7
2025-11-10 15:01:14.585057-0600 0x18a31a   Default     0x0                  1082   0    ContinuityCaptureAgent: (CMContinuityCaptureCore) [com.apple.CMContinuityCapture:default] <private> RapportDevices : (
    "RPRemoteDisplayDevice, AltDSID 'BBHGDJuy', IDS 'BBzYjcZp', PI 'BBzYjcZp', Nm 'BBfpgAUV', Md 'BBKebeJy', CC 5, SF 0x880382 < BLE Personal DuetSync WiFiP2P Owner ApplePay >"
)
2025-11-10 15:01:14.585089-0600 0x18a31a   Default     0x0                  1082   0    ContinuityCaptureAgent: (CMContinuityCaptureCore) [com.apple.CMContinuityCapture:default] <private> Client Device Identifier:53E9298E-92BF-425E-8F2C-98B5EFCE6DA7 Name:Sús Model:iPhone14,3 Wired:0 Wireless:1 Magic:0 Nearby:1 Capabilities:1 Version:26.2 devicePtr:0xb60c45680 status:880382 isDedicated:0
2025-11-10 15:01:14.585117-0600 0x18a42d   Default     0x0                  1007   3    rapportd: (CoreUtils) [com.apple.rapport:RPRemoteDisplayDaemon] BLE device changed: SFDevice ID bb00296c-951b-1000-8000-001ff3fb80df, IDS BBqxbpIZ, RSSI -58 (-57)~F, Nm BBkRMTCE, Md BBMMBzSq, AltDSID BBDffEzI, AID 'BBBouJcl', DuetSync, Hotspot 0x17A, MRI 'BBWImDFt', MRtI 'BBROEGxW', PairedBT, PairedSys Conjectured, rapportID BBqxbpIZ, WiFiP2P, DF 0x29 < MyMe MyiCloud Ranging >, DT Generic, AcLv Idle (3)
2025-11-10 15:01:14.585111-0600 0x18a31a   Default     0x0                  1082   0    ContinuityCaptureAgent: (AVFCapture) [com.apple.cameracapture:] <<<< AVContinuityCaptureCapabilitiesCache >>>> +[AVContinuityCaptureCapabilitiesCache capabilitiesForIdentifier:]: Identifier: <private>
2025-11-10 15:01:14.585197-0600 0x17a5eb   Default     0x0                  639    0    com.apple.cmio.registerassistantservice: [com.apple.cmio:] RegisterAssistantService.m:2846:-[RegisterAssistantServer _preferenceValueForKey:pid:userDefaults:] [<private>] returning <private> : <private>
2025-11-10 15:01:14.585799-0600 0x18a6f7   Activity    0x62c780             62930  0    nettop: (libsystem_info.dylib) Retrieve User by ID
2025-11-10 15:01:14.586161-0600 0x18a31a   Default     0x0                  1082   0    ContinuityCaptureAgent: (AVFCapture) [com.apple.cameracapture:] <<<< AVContinuityCaptureCapabilitiesCache >>>> +[AVContinuityCaptureCapabilitiesCache storeCapabilities:forIdentifier:]: Identifier: <private>
2025-11-10 15:01:14.587103-0600 0x17a5eb   Default     0x0                  639    0    com.apple.cmio.registerassistantservice: [com.apple.cmio:] RegisterAssistantService.m:2118:-[RegisterAssistantServer addRegisterExtensionConnection:]_block_invoke [<private>] setting <private> : <private>
2025-11-10 15:01:14.587244-0600 0x18a4af   Default     0x0                  1388   0    SidecarRelay: [com.apple.sidecar:rapport] IDS 53E9298E: Device Changed <BLE Personal DuetSync WiFiP2P Owner ApplePay LocalDevice AirDropUsable MeDeviceIsMe MultiUserDevice [RSSI]>
2025-11-10 15:01:14.587582-0600 0x18a31a   Default     0x0                  1082   0    ContinuityCaptureAgent: (CMContinuityCaptureCore) [com.apple.CMContinuityCapture:default] <private> Device CMContinuityCaptureTransportRapportDevice: 53E9298E-92BF-425E-8F2C-98B5EFCE6DA7 [0xb60d4b080] name Sús present
2025-11-10 15:01:14.587690-0600 0x18a31a   Default     0x0                  1082   0    ContinuityCaptureAgent: (CMContinuityCaptureCore) [com.apple.CMContinuityCapture:device] -[CMContinuityCaptureTransportRapportDevice notifyDeviceStateChange]
2025-11-10 15:01:14.587724-0600 0x18a0f2   Default     0x0                  1082   0    ContinuityCaptureAgent: (CMContinuityCaptureCore) [com.apple.CMContinuityCapture:default] CMContinuityCaptureMagicStateMonitor: CMContinuityCaptureTransportRapportDevice: 53E9298E-92BF-425E-8F2C-98B5EFCE6DA7 [0xb60d4b080] [0xb60d99580] magic:0 (usable:0 nearby:1 wired:0 skipNearByCheck:0) reported magic:0
2025-11-10 15:01:14.587751-0600 0x18a319   Default     0x0                  1082   0    ContinuityCaptureAgent: (CMContinuityCaptureCore) [com.apple.CMContinuityCapture:device] <private> -[CMContinuityCaptureCompositeDevice _observeValueForKeyPath:ofObject:change:context:] deviceStatus
2025-11-10 15:01:14.587792-0600 0x18a31a   Default     0x0                  1082   0    ContinuityCaptureAgent: (CMContinuityCaptureCore) [com.apple.CMContinuityCapture:device] CMContinuityCaptureDeskcamVideoDevice: 53E9298E-92BF-425E-8F2C-98B5EFCE6DA7 entity:2 [0xb60d4c1c0] keypath:wired object:CMContinuityCaptureTransportRapportDevice: 53E9298E-92BF-425E-8F2C-98B5EFCE6DA7 [0xb60d4b080]
2025-11-10 15:01:14.587814-0600 0x18a0f2   Default     0x0                  1082   0    ContinuityCaptureAgent: (CMContinuityCaptureCore) [com.apple.CMContinuityCapture:default] CMContinuityCaptureMagicStateMonitor: CMContinuityCaptureTransportRapportDevice: 53E9298E-92BF-425E-8F2C-98B5EFCE6DA7 [0xb60d4b080] [0xb60d99580] magic:0 (usable:0 nearby:1 wired:0 skipNearByCheck:0) reported magic:0
2025-11-10 15:01:14.587842-0600 0x18a31a   Default     0x0                  1082   0    ContinuityCaptureAgent: (CMContinuityCaptureCore) [com.apple.CMContinuityCapture:device] CMContinuityCaptureVideoDevice: 53E9298E-92BF-425E-8F2C-98B5EFCE6DA7 entity:1 [0xb60d4c000] keypath:wired object:CMContinuityCaptureTransportRapportDevice: 53E9298E-92BF-425E-8F2C-98B5EFCE6DA7 [0xb60d4b080]
2025-11-10 15:01:14.587885-0600 0x18a31a   Default     0x0                  1082   0    ContinuityCaptureAgent: (CMContinuityCaptureCore) [com.apple.CMContinuityCapture:provider] <private> begin tracking <private>
2025-11-10 15:01:14.587904-0600 0x18a0f2   Default     0x0                  1082   0    ContinuityCaptureAgent: (CMContinuityCaptureCore) [com.apple.CMContinuityCapture:default] CMContinuityCaptureMagicStateMonitor: CMContinuityCaptureTransportRapportDevice: 53E9298E-92BF-425E-8F2C-98B5EFCE6DA7 [0xb60d4b080] [0xb60d99580] magic:0 (usable:0 nearby:1 wired:0 skipNearByCheck:0) reported magic:0
2025-11-10 15:01:14.587913-0600 0x18a31a   Default     0x0                  1082   0    ContinuityCaptureAgent: (CMContinuityCaptureCore) [com.apple.CMContinuityCapture:default] <private> Support with rapport for 53E9298E-92BF-425E-8F2C-98B5EFCE6DA7
2025-11-10 15:01:14.587941-0600 0x18a0f2   Default     0x0                  1082   0    ContinuityCaptureAgent: (CMContinuityCaptureCore) [com.apple.CMContinuityCapture:default] CMContinuityCaptureMagicStateMonitor: CMContinuityCaptureTransportRapportDevice: 53E9298E-92BF-425E-8F2C-98B5EFCE6DA7 [0xb60d4b080] [0xb60d99580] magic:0 (usable:0 nearby:1 wired:0 skipNearByCheck:0) reported magic:0
2025-11-10 15:01:14.587969-0600 0x18a31a   Default     0x0                  1082   0    ContinuityCaptureAgent: (CMContinuityCaptureCore) [com.apple.CMContinuityCapture:default] <private> updated compatible device list {
    "53E9298E-92BF-425E-8F2C-98B5EFCE6DA7" = "CMContinuityCaptureTransportRapportDevice: 53E9298E-92BF-425E-8F2C-98B5EFCE6DA7 [0xb60d4b080]";
}
2025-11-10 15:01:14.588035-0600 0x18a319   Default     0x0                  1082   0    ContinuityCaptureAgent: (CMContinuityCaptureCore) [com.apple.CMContinuityCapture:default] <private> updated device list (
    "CMContinuityCaptureTransportRapportDevice: 53E9298E-92BF-425E-8F2C-98B5EFCE6DA7 [0xb60d4b080]"
)
2025-11-10 15:01:14.588046-0600 0x18a0f2   Default     0x0                  1082   0    ContinuityCaptureAgent: (CMContinuityCaptureCore) [com.apple.CMContinuityCapture:provider] <private> CurrentDevices : (
    "CMContinuityCaptureTransportRapportDevice: 53E9298E-92BF-425E-8F2C-98B5EFCE6DA7 [0xb60d4b080]"
)
2025-11-10 15:01:14.588097-0600 0x18a0f2   Default     0x0                  1082   0    ContinuityCaptureAgent: (CMContinuityCaptureCore) [com.apple.CMContinuityCapture:provider] <private> Device (53E9298E-92BF-425E-8F2C-98B5EFCE6DA7) present
2025-11-10 15:01:14.588929-0600 0x18a31a   Default     0x0                  1082   0    ContinuityCaptureAgent: (CMContinuityCaptureCore) [com.apple.CMContinuityCapture:default] CMContinuityCaptureDiscoverySession: [0xb6103d220] Device RPRemoteDisplayDevice, AltDSID 'BBHGDJuy', IDS 'BBzYjcZp', PI 'BBzYjcZp', Nm 'BBfpgAUV', Md 'BBKebeJy', CC 5, SF 0x880382 < BLE Personal DuetSync WiFiP2P Owner ApplePay > device state changed 20
2025-11-10 15:01:14.588951-0600 0x18a31a   Default     0x0                  1082   0    ContinuityCaptureAgent: (CMContinuityCaptureCore) [com.apple.CMContinuityCapture:default] <private> RapportErrorFlags : 0
2025-11-10 15:01:14.588971-0600 0x18a31a   Default     0x0                  1082   0    ContinuityCaptureAgent: (CMContinuityCaptureCore) [com.apple.CMContinuityCapture:default] <private> use sidecar
2025-11-10 15:01:14.589019-0600 0x18a31a   Default     0x0                  1082   0    ContinuityCaptureAgent: (CMContinuityCaptureCore) [com.apple.CMContinuityCapture:default] <private> SidecarDevices : (
    "IDS 53E9298E"
)
2025-11-10 15:01:14.589077-0600 0x18a31a   Default     0x0                  1082   0    ContinuityCaptureAgent: (CMContinuityCaptureCore) [com.apple.CMContinuityCapture:default] <private> RapportDevices : (
    "RPRemoteDisplayDevice, AltDSID 'BBHGDJuy', IDS 'BBzYjcZp', PI 'BBzYjcZp', Nm 'BBfpgAUV', Md 'BBKebeJy', CC 5, SF 0x880382 < BLE Personal DuetSync WiFiP2P Owner ApplePay >"
)
2025-11-10 15:01:14.589110-0600 0x18a31a   Default     0x0                  1082   0    ContinuityCaptureAgent: (CMContinuityCaptureCore) [com.apple.CMContinuityCapture:default] <private> allowedIdentifiers : {(
    "53E9298E-92BF-425E-8F2C-98B5EFCE6DA7"
)}
2025-11-10 15:01:14.589137-0600 0x18a31a   Default     0x0                  1082   0    ContinuityCaptureAgent: (CMContinuityCaptureCore) [com.apple.CMContinuityCapture:default] <private> Client Device Identifier:53E9298E-92BF-425E-8F2C-98B5EFCE6DA7 Name:Sús Model:iPhone14,3 Wired:0 Wireless:1 Magic:0 Nearby:1 Capabilities:1 Version:26.2 devicePtr:0xb6105da40 status 880382
2025-11-10 15:01:14.589152-0600 0x18a31a   Default     0x0                  1082   0    ContinuityCaptureAgent: (AVFCapture) [com.apple.cameracapture:] <<<< AVContinuityCaptureCapabilitiesCache >>>> +[AVContinuityCaptureCapabilitiesCache capabilitiesForIdentifier:]: Identifier: <private>
2025-11-10 15:01:14.589220-0600 0x17a5eb   Default     0x0                  639    0    com.apple.cmio.registerassistantservice: [com.apple.cmio:] RegisterAssistantService.m:2846:-[RegisterAssistantServer _preferenceValueForKey:pid:userDefaults:] [<private>] returning <private> : <private>
2025-11-10 15:01:14.590051-0600 0x18a31a   Default     0x0                  1082   0    ContinuityCaptureAgent: (CMContinuityCaptureCore) [com.apple.CMContinuityCapture:default] <private> (53E9298E-92BF-425E-8F2C-98B5EFCE6DA7) using original capabilities
2025-11-10 15:01:14.590075-0600 0x18a31a   Default     0x0                  1082   0    ContinuityCaptureAgent: (CMContinuityCaptureCore) [com.apple.CMContinuityCapture:default] <private> Support with rapport for 53E9298E-92BF-425E-8F2C-98B5EFCE6DA7
2025-11-10 15:01:14.590141-0600 0x18a31a   Default     0x0                  1082   0    ContinuityCaptureAgent: (CMContinuityCaptureCore) [com.apple.CMContinuityCapture:default] <private> RapportDevices : (
    "RPRemoteDisplayDevice, AltDSID 'BBHGDJuy', IDS 'BBzYjcZp', PI 'BBzYjcZp', Nm 'BBfpgAUV', Md 'BBKebeJy', CC 5, SF 0x880382 < BLE Personal DuetSync WiFiP2P Owner ApplePay >"
)
2025-11-10 15:01:14.590168-0600 0x18a31a   Default     0x0                  1082   0    ContinuityCaptureAgent: (CMContinuityCaptureCore) [com.apple.CMContinuityCapture:default] <private> Client Device Identifier:53E9298E-92BF-425E-8F2C-98B5EFCE6DA7 Name:Sús Model:iPhone14,3 Wired:0 Wireless:1 Magic:0 Nearby:1 Capabilities:1 Version:26.2 devicePtr:0xb60c45cc0 status:880382 isDedicated:0
2025-11-10 15:01:14.590188-0600 0x18a31a   Default     0x0                  1082   0    ContinuityCaptureAgent: (AVFCapture) [com.apple.cameracapture:] <<<< AVContinuityCaptureCapabilitiesCache >>>> +[AVContinuityCaptureCapabilitiesCache capabilitiesForIdentifier:]: Identifier: <private>
2025-11-10 15:01:14.590256-0600 0x17a5eb   Default     0x0                  639    0    com.apple.cmio.registerassistantservice: [com.apple.cmio:] RegisterAssistantService.m:2846:-[RegisterAssistantServer _preferenceValueForKey:pid:userDefaults:] [<private>] returning <private> : <private>
2025-11-10 15:01:14.591155-0600 0x18a31a   Default     0x0                  1082   0    ContinuityCaptureAgent: (AVFCapture) [com.apple.cameracapture:] <<<< AVContinuityCaptureCapabilitiesCache >>>> +[AVContinuityCaptureCapabilitiesCache storeCapabilities:forIdentifier:]: Identifier: <private>
2025-11-10 15:01:14.591866-0600 0x17a5eb   Default     0x0                  639    0    com.apple.cmio.registerassistantservice: [com.apple.cmio:] RegisterAssistantService.m:2118:-[RegisterAssistantServer addRegisterExtensionConnection:]_block_invoke [<private>] setting <private> : <private>
2025-11-10 15:01:14.593086-0600 0x18a31a   Default     0x0                  1082   0    ContinuityCaptureAgent: (CMContinuityCaptureCore) [com.apple.CMContinuityCapture:default] <private> Device CMContinuityCaptureTransportRapportDevice: 53E9298E-92BF-425E-8F2C-98B5EFCE6DA7 [0xb60d4b080] name Sús present
2025-11-10 15:01:14.593308-0600 0x18a31a   Default     0x0                  1082   0    ContinuityCaptureAgent: (CMContinuityCaptureCore) [com.apple.CMContinuityCapture:device] -[CMContinuityCaptureTransportRapportDevice notifyDeviceStateChange]
2025-11-10 15:01:14.593341-0600 0x18a0f2   Default     0x0                  1082   0    ContinuityCaptureAgent: (CMContinuityCaptureCore) [com.apple.CMContinuityCapture:default] CMContinuityCaptureMagicStateMonitor: CMContinuityCaptureTransportRapportDevice: 53E9298E-92BF-425E-8F2C-98B5EFCE6DA7 [0xb60d4b080] [0xb60d99580] magic:0 (usable:0 nearby:1 wired:0 skipNearByCheck:0) reported magic:0
2025-11-10 15:01:14.593368-0600 0x18a319   Default     0x0                  1082   0    ContinuityCaptureAgent: (CMContinuityCaptureCore) [com.apple.CMContinuityCapture:device] <private> -[CMContinuityCaptureCompositeDevice _observeValueForKeyPath:ofObject:change:context:] deviceStatus
2025-11-10 15:01:14.593401-0600 0x18a0f2   Default     0x0                  1082   0    ContinuityCaptureAgent: (CMContinuityCaptureCore) [com.apple.CMContinuityCapture:default] CMContinuityCaptureMagicStateMonitor: CMContinuityCaptureTransportRapportDevice: 53E9298E-92BF-425E-8F2C-98B5EFCE6DA7 [0xb60d4b080] [0xb60d99580] magic:0 (usable:0 nearby:1 wired:0 skipNearByCheck:0) reported magic:0
2025-11-10 15:01:14.592637-0600 0x1b41     Default     0x0                  1043   3    sharingd: (CoreUtils) [com.apple.sharing:SDNearbyAgentCore] ### Unable to decrypt activity level with authTag yes identity no error 0 for device SFDevice ID bb004fed-bb0d-1000-8000-001ff3fb80df, RSSI -76 (-74)~F, DuetSync, DF 0x20 < Ranging >, DT Generic, AcLv ? (16)
2025-11-10 15:01:14.593411-0600 0x18a31a   Default     0x0                  1082   0    ContinuityCaptureAgent: (CMContinuityCaptureCore) [com.apple.CMContinuityCapture:device] CMContinuityCaptureDeskcamVideoDevice: 53E9298E-92BF-425E-8F2C-98B5EFCE6DA7 entity:2 [0xb60d4c1c0] keypath:wired object:CMContinuityCaptureTransportRapportDevice: 53E9298E-92BF-425E-8F2C-98B5EFCE6DA7 [0xb60d4b080]
2025-11-10 15:01:14.593453-0600 0x18a31a   Default     0x0                  1082   0    ContinuityCaptureAgent: (CMContinuityCaptureCore) [com.apple.CMContinuityCapture:device] CMContinuityCaptureVideoDevice: 53E9298E-92BF-425E-8F2C-98B5EFCE6DA7 entity:1 [0xb60d4c000] keypath:wired object:CMContinuityCaptureTransportRapportDevice: 53E9298E-92BF-425E-8F2C-98B5EFCE6DA7 [0xb60d4b080]
2025-11-10 15:01:14.593542-0600 0x18a31a   Default     0x0                  1082   0    ContinuityCaptureAgent: (CMContinuityCaptureCore) [com.apple.CMContinuityCapture:provider] <private> begin tracking <private>
2025-11-10 15:01:14.593040-0600 0x1b41     Default     0x0                  1043   3    sharingd: (CoreUtils) [com.apple.sharing:SDNearbyAgentCore] ### Unable to decrypt activity level with authTag yes identity no error 0 for device SFDevice ID bb004fed-bb0d-1000-8000-001ff3fb80df, RSSI -76 (-74)~F, DuetSync, DF 0x20 < Ranging >, DT Generic, AcLv ? (16)
2025-11-10 15:01:14.593549-0600 0x18a0f2   Default     0x0                  1082   0    ContinuityCaptureAgent: (CMContinuityCaptureCore) [com.apple.CMContinuityCapture:default] CMContinuityCaptureMagicStateMonitor: CMContinuityCaptureTransportRapportDevice: 53E9298E-92BF-425E-8F2C-98B5EFCE6DA7 [0xb60d4b080] [0xb60d99580] magic:0 (usable:0 nearby:1 wired:0 skipNearByCheck:0) reported magic:0
2025-11-10 15:01:14.593623-0600 0x18a31a   Default     0x0                  1082   0    ContinuityCaptureAgent: (CMContinuityCaptureCore) [com.apple.CMContinuityCapture:default] <private> Support with rapport for 53E9298E-92BF-425E-8F2C-98B5EFCE6DA7
2025-11-10 15:01:14.593661-0600 0x18a0f2   Default     0x0                  1082   0    ContinuityCaptureAgent: (CMContinuityCaptureCore) [com.apple.CMContinuityCapture:default] CMContinuityCaptureMagicStateMonitor: CMContinuityCaptureTransportRapportDevice: 53E9298E-92BF-425E-8F2C-98B5EFCE6DA7 [0xb60d4b080] [0xb60d99580] magic:0 (usable:0 nearby:1 wired:0 skipNearByCheck:0) reported magic:0
2025-11-10 15:01:14.593715-0600 0x18a31a   Default     0x0                  1082   0    ContinuityCaptureAgent: (CMContinuityCaptureCore) [com.apple.CMContinuityCapture:default] <private> updated compatible device list {
    "53E9298E-92BF-425E-8F2C-98B5EFCE6DA7" = "CMContinuityCaptureTransportRapportDevice: 53E9298E-92BF-425E-8F2C-98B5EFCE6DA7 [0xb60d4b080]";
}
2025-11-10 15:01:14.593866-0600 0x18a319   Default     0x0                  1082   0    ContinuityCaptureAgent: (CMContinuityCaptureCore) [com.apple.CMContinuityCapture:default] <private> updated device list (
